14:38:40 **** Incremental Build of configuration Debug for project Arduino_Car_STM32_SingleTask ****
make -j9 all 
arm-none-eabi-gcc "../Core/Src/main.c" -mcpu=cortex-m4 -std=gnu11 -g3 -DDEBUG -DUSE_NUCLEO_64 -DUSE_HAL_DRIVER -DSTM32G431xx -c -I../Core/Inc -I../Drivers/STM32G4xx_HAL_Driver/Inc -I../Drivers/STM32G4xx_HAL_Driver/Inc/Legacy -I../Drivers/BSP/STM32G4xx_Nucleo -I../Drivers/CMSIS/Device/ST/STM32G4xx/Include -I../Drivers/CMSIS/Include -O0 -ffunction-sections -fdata-sections -Wall -fstack-usage -fcyclomatic-complexity -MMD -MP -MF"Core/Src/main.d" -MT"Core/Src/main.o" --specs=nano.specs -mfpu=fpv4-sp-d16 -mfloat-abi=hard -mthumb -o "Core/Src/main.o"
arm-none-eabi-gcc "../Core/Src/uart_reader.c" -mcpu=cortex-m4 -std=gnu11 -g3 -DDEBUG -DUSE_NUCLEO_64 -DUSE_HAL_DRIVER -DSTM32G431xx -c -I../Core/Inc -I../Drivers/STM32G4xx_HAL_Driver/Inc -I../Drivers/STM32G4xx_HAL_Driver/Inc/Legacy -I../Drivers/BSP/STM32G4xx_Nucleo -I../Drivers/CMSIS/Device/ST/STM32G4xx/Include -I../Drivers/CMSIS/Include -O0 -ffunction-sections -fdata-sections -Wall -fstack-usage -fcyclomatic-complexity -MMD -MP -MF"Core/Src/uart_reader.d" -MT"Core/Src/uart_reader.o" --specs=nano.specs -mfpu=fpv4-sp-d16 -mfloat-abi=hard -mthumb -o "Core/Src/uart_reader.o"
arm-none-eabi-gcc "../Core/Src/uart_writer.c" -mcpu=cortex-m4 -std=gnu11 -g3 -DDEBUG -DUSE_NUCLEO_64 -DUSE_HAL_DRIVER -DSTM32G431xx -c -I../Core/Inc -I../Drivers/STM32G4xx_HAL_Driver/Inc -I../Drivers/STM32G4xx_HAL_Driver/Inc/Legacy -I../Drivers/BSP/STM32G4xx_Nucleo -I../Drivers/CMSIS/Device/ST/STM32G4xx/Include -I../Drivers/CMSIS/Include -O0 -ffunction-sections -fdata-sections -Wall -fstack-usage -fcyclomatic-complexity -MMD -MP -MF"Core/Src/uart_writer.d" -MT"Core/Src/uart_writer.o" --specs=nano.specs -mfpu=fpv4-sp-d16 -mfloat-abi=hard -mthumb -o "Core/Src/uart_writer.o"
arm-none-eabi-gcc "../Core/Src/vt100.c" -mcpu=cortex-m4 -std=gnu11 -g3 -DDEBUG -DUSE_NUCLEO_64 -DUSE_HAL_DRIVER -DSTM32G431xx -c -I../Core/Inc -I../Drivers/STM32G4xx_HAL_Driver/Inc -I../Drivers/STM32G4xx_HAL_Driver/Inc/Legacy -I../Drivers/BSP/STM32G4xx_Nucleo -I../Drivers/CMSIS/Device/ST/STM32G4xx/Include -I../Drivers/CMSIS/Include -O0 -ffunction-sections -fdata-sections -Wall -fstack-usage -fcyclomatic-complexity -MMD -MP -MF"Core/Src/vt100.d" -MT"Core/Src/vt100.o" --specs=nano.specs -mfpu=fpv4-sp-d16 -mfloat-abi=hard -mthumb -o "Core/Src/vt100.o"
../Core/Src/uart_reader.c:5:10: fatal error: usart.h: No such file or directory
    5 | #include "usart.h"
      |          ^~~~~~~~~
compilation terminated.
In file included from ../Core/Src/uart_writer.c:4:
../Core/Inc/uart_writer.h:8:10: fatal error: usart.h: No such file or directory
    8 | #include "usart.h"
      |          ^~~~~~~~~
compilation terminated.
In file included from ../Core/Src/vt100.c:5:
../Core/Inc/uart_writer.h:8:10: fatal error: usart.h: No such file or directory
    8 | #include "usart.h"
      |          ^~~~~~~~~
compilation terminated.
make: *** [Core/Src/subdir.mk:43: Core/Src/uart_reader.o] Error 1
make: *** Waiting for unfinished jobs....
make: *** [Core/Src/subdir.mk:43: Core/Src/uart_writer.o] Error 1
make: *** [Core/Src/subdir.mk:43: Core/Src/vt100.o] Error 1
In file included from ../Core/Src/main.c:27:
../Core/Inc/uart_writer.h:8:10: fatal error: usart.h: No such file or directory
    8 | #include "usart.h"
      |          ^~~~~~~~~
compilation terminated.
make: *** [Core/Src/subdir.mk:43: Core/Src/main.o] Error 1
"make -j9 all" terminated with exit code 2. Build might be incomplete.
14:39:37 **** Incremental Build of configuration Debug for project Arduino_Car_STM32_SingleTask ****
make -j9 all 
arm-none-eabi-gcc "../Core/Src/main.c" -mcpu=cortex-m4 -std=gnu11 -g3 -DDEBUG -DUSE_NUCLEO_64 -DUSE_HAL_DRIVER -DSTM32G431xx -c -I../Core/Inc -I../Drivers/STM32G4xx_HAL_Driver/Inc -I../Drivers/STM32G4xx_HAL_Driver/Inc/Legacy -I../Drivers/BSP/STM32G4xx_Nucleo -I../Drivers/CMSIS/Device/ST/STM32G4xx/Include -I../Drivers/CMSIS/Include -O0 -ffunction-sections -fdata-sections -Wall -fstack-usage -fcyclomatic-complexity -MMD -MP -MF"Core/Src/main.d" -MT"Core/Src/main.o" --specs=nano.specs -mfpu=fpv4-sp-d16 -mfloat-abi=hard -mthumb -o "Core/Src/main.o"
arm-none-eabi-gcc "../Core/Src/uart_reader.c" -mcpu=cortex-m4 -std=gnu11 -g3 -DDEBUG -DUSE_NUCLEO_64 -DUSE_HAL_DRIVER -DSTM32G431xx -c -I../Core/Inc -I../Drivers/STM32G4xx_HAL_Driver/Inc -I../Drivers/STM32G4xx_HAL_Driver/Inc/Legacy -I../Drivers/BSP/STM32G4xx_Nucleo -I../Drivers/CMSIS/Device/ST/STM32G4xx/Include -I../Drivers/CMSIS/Include -O0 -ffunction-sections -fdata-sections -Wall -fstack-usage -fcyclomatic-complexity -MMD -MP -MF"Core/Src/uart_reader.d" -MT"Core/Src/uart_reader.o" --specs=nano.specs -mfpu=fpv4-sp-d16 -mfloat-abi=hard -mthumb -o "Core/Src/uart_reader.o"
arm-none-eabi-gcc "../Core/Src/uart_writer.c" -mcpu=cortex-m4 -std=gnu11 -g3 -DDEBUG -DUSE_NUCLEO_64 -DUSE_HAL_DRIVER -DSTM32G431xx -c -I../Core/Inc -I../Drivers/STM32G4xx_HAL_Driver/Inc -I../Drivers/STM32G4xx_HAL_Driver/Inc/Legacy -I../Drivers/BSP/STM32G4xx_Nucleo -I../Drivers/CMSIS/Device/ST/STM32G4xx/Include -I../Drivers/CMSIS/Include -O0 -ffunction-sections -fdata-sections -Wall -fstack-usage -fcyclomatic-complexity -MMD -MP -MF"Core/Src/uart_writer.d" -MT"Core/Src/uart_writer.o" --specs=nano.specs -mfpu=fpv4-sp-d16 -mfloat-abi=hard -mthumb -o "Core/Src/uart_writer.o"
arm-none-eabi-gcc "../Core/Src/vt100.c" -mcpu=cortex-m4 -std=gnu11 -g3 -DDEBUG -DUSE_NUCLEO_64 -DUSE_HAL_DRIVER -DSTM32G431xx -c -I../Core/Inc -I../Drivers/STM32G4xx_HAL_Driver/Inc -I../Drivers/STM32G4xx_HAL_Driver/Inc/Legacy -I../Drivers/BSP/STM32G4xx_Nucleo -I../Drivers/CMSIS/Device/ST/STM32G4xx/Include -I../Drivers/CMSIS/Include -O0 -ffunction-sections -fdata-sections -Wall -fstack-usage -fcyclomatic-complexity -MMD -MP -MF"Core/Src/vt100.d" -MT"Core/Src/vt100.o" --specs=nano.specs -mfpu=fpv4-sp-d16 -mfloat-abi=hard -mthumb -o "Core/Src/vt100.o"
../Core/Src/vt100.c: In function 'vt100_clear_screen':
../Core/Src/vt100.c:10:5: warning: implicit declaration of function 'uart_send_async' [-Wimplicit-function-declaration]
   10 |     uart_send_async(VT100_CLEAR_SCREEN);
      |     ^~~~~~~~~~~~~~~
arm-none-eabi-gcc -o "Arduino_Car_STM32_SingleTask.elf" @"objects.list"   -mcpu=cortex-m4 -T"/Users/osamahshamsan/STM32CubeIDE/workspace_1.18.1/Arduino_Car_STM32_SingleTask/STM32G431RBTX_FLASH.ld" --specs=nosys.specs -Wl,-Map="Arduino_Car_STM32_SingleTask.map" -Wl,--gc-sections -static --specs=nano.specs -mfpu=fpv4-sp-d16 -mfloat-abi=hard -mthumb -Wl,--start-group -lc -lm -Wl,--end-group
Finished building target: Arduino_Car_STM32_SingleTask.elf
 
arm-none-eabi-size  Arduino_Car_STM32_SingleTask.elf 
arm-none-eabi-objdump -h -S Arduino_Car_STM32_SingleTask.elf  > "Arduino_Car_STM32_SingleTask.list"
   text	   data	    bss	    dec	    hex	filename
  13672	     12	   1716	  15400	   3c28	Arduino_Car_STM32_SingleTask.elf
Finished building: default.size.stdout
 
Finished building: Arduino_Car_STM32_SingleTask.list
 
14:42:03 **** Clean-only build of configuration Debug for project Arduino_Car_STM32_SingleTask ****
make -j9 clean 
rm -rf ./Drivers/STM32G4xx_HAL_Driver/Src/stm32g4xx_hal.cyclo ./Drivers/STM32G4xx_HAL_Driver/Src/stm32g4xx_hal.d ./Drivers/STM32G4xx_HAL_Driver/Src/stm32g4xx_hal.o ./Drivers/STM32G4xx_HAL_Driver/Src/stm32g4xx_hal.su ./Drivers/STM32G4xx_HAL_Driver/Src/stm32g4xx_hal_cortex.cyclo ./Drivers/STM32G4xx_HAL_Driver/Src/stm32g4xx_hal_cortex.d ./Drivers/STM32G4xx_HAL_Driver/Src/stm32g4xx_hal_cortex.o ./Drivers/STM32G4xx_HAL_Driver/Src/stm32g4xx_hal_cortex.su ./Drivers/STM32G4xx_HAL_Driver/Src/stm32g4xx_hal_dma.cyclo ./Drivers/STM32G4xx_HAL_Driver/Src/stm32g4xx_hal_dma.d ./Drivers/STM32G4xx_HAL_Driver/Src/stm32g4xx_hal_dma.o ./Drivers/STM32G4xx_HAL_Driver/Src/stm32g4xx_hal_dma.su ./Drivers/STM32G4xx_HAL_Driver/Src/stm32g4xx_hal_dma_ex.cyclo ./Drivers/STM32G4xx_HAL_Driver/Src/stm32g4xx_hal_dma_ex.d ./Drivers/STM32G4xx_HAL_Driver/Src/stm32g4xx_hal_dma_ex.o ./Drivers/STM32G4xx_HAL_Driver/Src/stm32g4xx_hal_dma_ex.su ./Drivers/STM32G4xx_HAL_Driver/Src/stm32g4xx_hal_exti.cyclo ./Drivers/STM32G4xx_HAL_Driver/Src/stm32g4xx_hal_exti.d ./Drivers/STM32G4xx_HAL_Driver/Src/stm32g4xx_hal_exti.o ./Drivers/STM32G4xx_HAL_Driver/Src/stm32g4xx_hal_exti.su ./Drivers/STM32G4xx_HAL_Driver/Src/stm32g4xx_hal_flash.cyclo ./Drivers/STM32G4xx_HAL_Driver/Src/stm32g4xx_hal_flash.d ./Drivers/STM32G4xx_HAL_Driver/Src/stm32g4xx_hal_flash.o ./Drivers/STM32G4xx_HAL_Driver/Src/stm32g4xx_hal_flash.su ./Drivers/STM32G4xx_HAL_Driver/Src/stm32g4xx_hal_flash_ex.cyclo ./Drivers/STM32G4xx_HAL_Driver/Src/stm32g4xx_hal_flash_ex.d ./Drivers/STM32G4xx_HAL_Driver/Src/stm32g4xx_hal_flash_ex.o ./Drivers/STM32G4xx_HAL_Driver/Src/stm32g4xx_hal_flash_ex.su ./Drivers/STM32G4xx_HAL_Driver/Src/stm32g4xx_hal_flash_ramfunc.cyclo ./Drivers/STM32G4xx_HAL_Driver/Src/stm32g4xx_hal_flash_ramfunc.d ./Drivers/STM32G4xx_HAL_Driver/Src/stm32g4xx_hal_flash_ramfunc.o ./Drivers/STM32G4xx_HAL_Driver/Src/stm32g4xx_hal_flash_ramfunc.su ./Drivers/STM32G4xx_HAL_Driver/Src/stm32g4xx_hal_gpio.cyclo ./Drivers/STM32G4xx_HAL_Driver/Src/stm32g4xx_hal_gpio.d ./Drivers/STM32G4xx_HAL_Driver/Src/stm32g4xx_hal_gpio.o ./Drivers/STM32G4xx_HAL_Driver/Src/stm32g4xx_hal_gpio.su ./Drivers/STM32G4xx_HAL_Driver/Src/stm32g4xx_hal_pwr.cyclo ./Drivers/STM32G4xx_HAL_Driver/Src/stm32g4xx_hal_pwr.d ./Drivers/STM32G4xx_HAL_Driver/Src/stm32g4xx_hal_pwr.o ./Drivers/STM32G4xx_HAL_Driver/Src/stm32g4xx_hal_pwr.su ./Drivers/STM32G4xx_HAL_Driver/Src/stm32g4xx_hal_pwr_ex.cyclo ./Drivers/STM32G4xx_HAL_Driver/Src/stm32g4xx_hal_pwr_ex.d ./Drivers/STM32G4xx_HAL_Driver/Src/stm32g4xx_hal_pwr_ex.o ./Drivers/STM32G4xx_HAL_Driver/Src/stm32g4xx_hal_pwr_ex.su ./Drivers/STM32G4xx_HAL_Driver/Src/stm32g4xx_hal_rcc.cyclo ./Drivers/STM32G4xx_HAL_Driver/Src/stm32g4xx_hal_rcc.d ./Drivers/STM32G4xx_HAL_Driver/Src/stm32g4xx_hal_rcc.o ./Drivers/STM32G4xx_HAL_Driver/Src/stm32g4xx_hal_rcc.su ./Drivers/STM32G4xx_HAL_Driver/Src/stm32g4xx_hal_rcc_ex.cyclo ./Drivers/STM32G4xx_HAL_Driver/Src/stm32g4xx_hal_rcc_ex.d ./Drivers/STM32G4xx_HAL_Driver/Src/stm32g4xx_hal_rcc_ex.o ./Drivers/STM32G4xx_HAL_Driver/Src/stm32g4xx_hal_rcc_ex.su ./Drivers/STM32G4xx_HAL_Driver/Src/stm32g4xx_hal_uart.cyclo ./Drivers/STM32G4xx_HAL_Driver/Src/stm32g4xx_hal_uart.d ./Drivers/STM32G4xx_HAL_Driver/Src/stm32g4xx_hal_uart.o ./Drivers/STM32G4xx_HAL_Driver/Src/stm32g4xx_hal_uart.su ./Drivers/STM32G4xx_HAL_Driver/Src/stm32g4xx_hal_uart_ex.cyclo ./Drivers/STM32G4xx_HAL_Driver/Src/stm32g4xx_hal_uart_ex.d ./Drivers/STM32G4xx_HAL_Driver/Src/stm32g4xx_hal_uart_ex.o ./Drivers/STM32G4xx_HAL_Driver/Src/stm32g4xx_hal_uart_ex.su ./Drivers/STM32G4xx_HAL_Driver/Src/stm32g4xx_hal_usart.cyclo ./Drivers/STM32G4xx_HAL_Driver/Src/stm32g4xx_hal_usart.d ./Drivers/STM32G4xx_HAL_Driver/Src/stm32g4xx_hal_usart.o ./Drivers/STM32G4xx_HAL_Driver/Src/stm32g4xx_hal_usart.su ./Drivers/STM32G4xx_HAL_Driver/Src/stm32g4xx_hal_usart_ex.cyclo ./Drivers/STM32G4xx_HAL_Driver/Src/stm32g4xx_hal_usart_ex.d ./Drivers/STM32G4xx_HAL_Driver/Src/stm32g4xx_hal_usart_ex.o ./Drivers/STM32G4xx_HAL_Driver/Src/stm32g4xx_hal_usart_ex.su
rm -rf ./Drivers/BSP/STM32G4xx_Nucleo/stm32g4xx_nucleo.cyclo ./Drivers/BSP/STM32G4xx_Nucleo/stm32g4xx_nucleo.d ./Drivers/BSP/STM32G4xx_Nucleo/stm32g4xx_nucleo.o ./Drivers/BSP/STM32G4xx_Nucleo/stm32g4xx_nucleo.su
rm -rf ./Core/Startup/startup_stm32g431rbtx.d ./Core/Startup/startup_stm32g431rbtx.o
rm -rf ./Core/Src/main.cyclo ./Core/Src/main.d ./Core/Src/main.o ./Core/Src/main.su ./Core/Src/stm32g4xx_hal_msp.cyclo ./Core/Src/stm32g4xx_hal_msp.d ./Core/Src/stm32g4xx_hal_msp.o ./Core/Src/stm32g4xx_hal_msp.su ./Core/Src/stm32g4xx_it.cyclo ./Core/Src/stm32g4xx_it.d ./Core/Src/stm32g4xx_it.o ./Core/Src/stm32g4xx_it.su ./Core/Src/syscalls.cyclo ./Core/Src/syscalls.d ./Core/Src/syscalls.o ./Core/Src/syscalls.su ./Core/Src/sysmem.cyclo ./Core/Src/sysmem.d ./Core/Src/sysmem.o ./Core/Src/sysmem.su ./Core/Src/system_stm32g4xx.cyclo ./Core/Src/system_stm32g4xx.d ./Core/Src/system_stm32g4xx.o ./Core/Src/system_stm32g4xx.su ./Core/Src/uart_reader.cyclo ./Core/Src/uart_reader.d ./Core/Src/uart_reader.o ./Core/Src/uart_reader.su ./Core/Src/uart_writer.cyclo ./Core/Src/uart_writer.d ./Core/Src/uart_writer.o ./Core/Src/uart_writer.su ./Core/Src/vt100.cyclo ./Core/Src/vt100.d ./Core/Src/vt100.o ./Core/Src/vt100.su
rm -rf Arduino_Car_STM32_SingleTask.elf Arduino_Car_STM32_SingleTask.list Arduino_Car_STM32_SingleTask.map default.size.stdout
 
14:42:03 **** Build of configuration Debug for project Arduino_Car_STM32_SingleTask ****
make -j9 all 
arm-none-eabi-gcc "../Drivers/STM32G4xx_HAL_Driver/Src/stm32g4xx_hal.c" -mcpu=cortex-m4 -std=gnu11 -g3 -DDEBUG -DUSE_NUCLEO_64 -DUSE_HAL_DRIVER -DSTM32G431xx -c -I../Core/Inc -I../Drivers/STM32G4xx_HAL_Driver/Inc -I../Drivers/STM32G4xx_HAL_Driver/Inc/Legacy -I../Drivers/BSP/STM32G4xx_Nucleo -I../Drivers/CMSIS/Device/ST/STM32G4xx/Include -I../Drivers/CMSIS/Include -O0 -ffunction-sections -fdata-sections -Wall -fstack-usage -fcyclomatic-complexity -MMD -MP -MF"Drivers/STM32G4xx_HAL_Driver/Src/stm32g4xx_hal.d" -MT"Drivers/STM32G4xx_HAL_Driver/Src/stm32g4xx_hal.o" --specs=nano.specs -mfpu=fpv4-sp-d16 -mfloat-abi=hard -mthumb -o "Drivers/STM32G4xx_HAL_Driver/Src/stm32g4xx_hal.o"
arm-none-eabi-gcc "../Drivers/STM32G4xx_HAL_Driver/Src/stm32g4xx_hal_cortex.c" -mcpu=cortex-m4 -std=gnu11 -g3 -DDEBUG -DUSE_NUCLEO_64 -DUSE_HAL_DRIVER -DSTM32G431xx -c -I../Core/Inc -I../Drivers/STM32G4xx_HAL_Driver/Inc -I../Drivers/STM32G4xx_HAL_Driver/Inc/Legacy -I../Drivers/BSP/STM32G4xx_Nucleo -I../Drivers/CMSIS/Device/ST/STM32G4xx/Include -I../Drivers/CMSIS/Include -O0 -ffunction-sections -fdata-sections -Wall -fstack-usage -fcyclomatic-complexity -MMD -MP -MF"Drivers/STM32G4xx_HAL_Driver/Src/stm32g4xx_hal_cortex.d" -MT"Drivers/STM32G4xx_HAL_Driver/Src/stm32g4xx_hal_cortex.o" --specs=nano.specs -mfpu=fpv4-sp-d16 -mfloat-abi=hard -mthumb -o "Drivers/STM32G4xx_HAL_Driver/Src/stm32g4xx_hal_cortex.o"
arm-none-eabi-gcc "../Drivers/STM32G4xx_HAL_Driver/Src/stm32g4xx_hal_dma.c" -mcpu=cortex-m4 -std=gnu11 -g3 -DDEBUG -DUSE_NUCLEO_64 -DUSE_HAL_DRIVER -DSTM32G431xx -c -I../Core/Inc -I../Drivers/STM32G4xx_HAL_Driver/Inc -I../Drivers/STM32G4xx_HAL_Driver/Inc/Legacy -I../Drivers/BSP/STM32G4xx_Nucleo -I../Drivers/CMSIS/Device/ST/STM32G4xx/Include -I../Drivers/CMSIS/Include -O0 -ffunction-sections -fdata-sections -Wall -fstack-usage -fcyclomatic-complexity -MMD -MP -MF"Drivers/STM32G4xx_HAL_Driver/Src/stm32g4xx_hal_dma.d" -MT"Drivers/STM32G4xx_HAL_Driver/Src/stm32g4xx_hal_dma.o" --specs=nano.specs -mfpu=fpv4-sp-d16 -mfloat-abi=hard -mthumb -o "Drivers/STM32G4xx_HAL_Driver/Src/stm32g4xx_hal_dma.o"
arm-none-eabi-gcc "../Drivers/STM32G4xx_HAL_Driver/Src/stm32g4xx_hal_dma_ex.c" -mcpu=cortex-m4 -std=gnu11 -g3 -DDEBUG -DUSE_NUCLEO_64 -DUSE_HAL_DRIVER -DSTM32G431xx -c -I../Core/Inc -I../Drivers/STM32G4xx_HAL_Driver/Inc -I../Drivers/STM32G4xx_HAL_Driver/Inc/Legacy -I../Drivers/BSP/STM32G4xx_Nucleo -I../Drivers/CMSIS/Device/ST/STM32G4xx/Include -I../Drivers/CMSIS/Include -O0 -ffunction-sections -fdata-sections -Wall -fstack-usage -fcyclomatic-complexity -MMD -MP -MF"Drivers/STM32G4xx_HAL_Driver/Src/stm32g4xx_hal_dma_ex.d" -MT"Drivers/STM32G4xx_HAL_Driver/Src/stm32g4xx_hal_dma_ex.o" --specs=nano.specs -mfpu=fpv4-sp-d16 -mfloat-abi=hard -mthumb -o "Drivers/STM32G4xx_HAL_Driver/Src/stm32g4xx_hal_dma_ex.o"
arm-none-eabi-gcc "../Drivers/STM32G4xx_HAL_Driver/Src/stm32g4xx_hal_exti.c" -mcpu=cortex-m4 -std=gnu11 -g3 -DDEBUG -DUSE_NUCLEO_64 -DUSE_HAL_DRIVER -DSTM32G431xx -c -I../Core/Inc -I../Drivers/STM32G4xx_HAL_Driver/Inc -I../Drivers/STM32G4xx_HAL_Driver/Inc/Legacy -I../Drivers/BSP/STM32G4xx_Nucleo -I../Drivers/CMSIS/Device/ST/STM32G4xx/Include -I../Drivers/CMSIS/Include -O0 -ffunction-sections -fdata-sections -Wall -fstack-usage -fcyclomatic-complexity -MMD -MP -MF"Drivers/STM32G4xx_HAL_Driver/Src/stm32g4xx_hal_exti.d" -MT"Drivers/STM32G4xx_HAL_Driver/Src/stm32g4xx_hal_exti.o" --specs=nano.specs -mfpu=fpv4-sp-d16 -mfloat-abi=hard -mthumb -o "Drivers/STM32G4xx_HAL_Driver/Src/stm32g4xx_hal_exti.o"
arm-none-eabi-gcc "../Drivers/STM32G4xx_HAL_Driver/Src/stm32g4xx_hal_flash.c" -mcpu=cortex-m4 -std=gnu11 -g3 -DDEBUG -DUSE_NUCLEO_64 -DUSE_HAL_DRIVER -DSTM32G431xx -c -I../Core/Inc -I../Drivers/STM32G4xx_HAL_Driver/Inc -I../Drivers/STM32G4xx_HAL_Driver/Inc/Legacy -I../Drivers/BSP/STM32G4xx_Nucleo -I../Drivers/CMSIS/Device/ST/STM32G4xx/Include -I../Drivers/CMSIS/Include -O0 -ffunction-sections -fdata-sections -Wall -fstack-usage -fcyclomatic-complexity -MMD -MP -MF"Drivers/STM32G4xx_HAL_Driver/Src/stm32g4xx_hal_flash.d" -MT"Drivers/STM32G4xx_HAL_Driver/Src/stm32g4xx_hal_flash.o" --specs=nano.specs -mfpu=fpv4-sp-d16 -mfloat-abi=hard -mthumb -o "Drivers/STM32G4xx_HAL_Driver/Src/stm32g4xx_hal_flash.o"
arm-none-eabi-gcc "../Drivers/STM32G4xx_HAL_Driver/Src/stm32g4xx_hal_flash_ex.c" -mcpu=cortex-m4 -std=gnu11 -g3 -DDEBUG -DUSE_NUCLEO_64 -DUSE_HAL_DRIVER -DSTM32G431xx -c -I../Core/Inc -I../Drivers/STM32G4xx_HAL_Driver/Inc -I../Drivers/STM32G4xx_HAL_Driver/Inc/Legacy -I../Drivers/BSP/STM32G4xx_Nucleo -I../Drivers/CMSIS/Device/ST/STM32G4xx/Include -I../Drivers/CMSIS/Include -O0 -ffunction-sections -fdata-sections -Wall -fstack-usage -fcyclomatic-complexity -MMD -MP -MF"Drivers/STM32G4xx_HAL_Driver/Src/stm32g4xx_hal_flash_ex.d" -MT"Drivers/STM32G4xx_HAL_Driver/Src/stm32g4xx_hal_flash_ex.o" --specs=nano.specs -mfpu=fpv4-sp-d16 -mfloat-abi=hard -mthumb -o "Drivers/STM32G4xx_HAL_Driver/Src/stm32g4xx_hal_flash_ex.o"
arm-none-eabi-gcc "../Drivers/STM32G4xx_HAL_Driver/Src/stm32g4xx_hal_flash_ramfunc.c" -mcpu=cortex-m4 -std=gnu11 -g3 -DDEBUG -DUSE_NUCLEO_64 -DUSE_HAL_DRIVER -DSTM32G431xx -c -I../Core/Inc -I../Drivers/STM32G4xx_HAL_Driver/Inc -I../Drivers/STM32G4xx_HAL_Driver/Inc/Legacy -I../Drivers/BSP/STM32G4xx_Nucleo -I../Drivers/CMSIS/Device/ST/STM32G4xx/Include -I../Drivers/CMSIS/Include -O0 -ffunction-sections -fdata-sections -Wall -fstack-usage -fcyclomatic-complexity -MMD -MP -MF"Drivers/STM32G4xx_HAL_Driver/Src/stm32g4xx_hal_flash_ramfunc.d" -MT"Drivers/STM32G4xx_HAL_Driver/Src/stm32g4xx_hal_flash_ramfunc.o" --specs=nano.specs -mfpu=fpv4-sp-d16 -mfloat-abi=hard -mthumb -o "Drivers/STM32G4xx_HAL_Driver/Src/stm32g4xx_hal_flash_ramfunc.o"
arm-none-eabi-gcc "../Drivers/STM32G4xx_HAL_Driver/Src/stm32g4xx_hal_gpio.c" -mcpu=cortex-m4 -std=gnu11 -g3 -DDEBUG -DUSE_NUCLEO_64 -DUSE_HAL_DRIVER -DSTM32G431xx -c -I../Core/Inc -I../Drivers/STM32G4xx_HAL_Driver/Inc -I../Drivers/STM32G4xx_HAL_Driver/Inc/Legacy -I../Drivers/BSP/STM32G4xx_Nucleo -I../Drivers/CMSIS/Device/ST/STM32G4xx/Include -I../Drivers/CMSIS/Include -O0 -ffunction-sections -fdata-sections -Wall -fstack-usage -fcyclomatic-complexity -MMD -MP -MF"Drivers/STM32G4xx_HAL_Driver/Src/stm32g4xx_hal_gpio.d" -MT"Drivers/STM32G4xx_HAL_Driver/Src/stm32g4xx_hal_gpio.o" --specs=nano.specs -mfpu=fpv4-sp-d16 -mfloat-abi=hard -mthumb -o "Drivers/STM32G4xx_HAL_Driver/Src/stm32g4xx_hal_gpio.o"
arm-none-eabi-gcc "../Drivers/STM32G4xx_HAL_Driver/Src/stm32g4xx_hal_pwr.c" -mcpu=cortex-m4 -std=gnu11 -g3 -DDEBUG -DUSE_NUCLEO_64 -DUSE_HAL_DRIVER -DSTM32G431xx -c -I../Core/Inc -I../Drivers/STM32G4xx_HAL_Driver/Inc -I../Drivers/STM32G4xx_HAL_Driver/Inc/Legacy -I../Drivers/BSP/STM32G4xx_Nucleo -I../Drivers/CMSIS/Device/ST/STM32G4xx/Include -I../Drivers/CMSIS/Include -O0 -ffunction-sections -fdata-sections -Wall -fstack-usage -fcyclomatic-complexity -MMD -MP -MF"Drivers/STM32G4xx_HAL_Driver/Src/stm32g4xx_hal_pwr.d" -MT"Drivers/STM32G4xx_HAL_Driver/Src/stm32g4xx_hal_pwr.o" --specs=nano.specs -mfpu=fpv4-sp-d16 -mfloat-abi=hard -mthumb -o "Drivers/STM32G4xx_HAL_Driver/Src/stm32g4xx_hal_pwr.o"
arm-none-eabi-gcc "../Drivers/STM32G4xx_HAL_Driver/Src/stm32g4xx_hal_pwr_ex.c" -mcpu=cortex-m4 -std=gnu11 -g3 -DDEBUG -DUSE_NUCLEO_64 -DUSE_HAL_DRIVER -DSTM32G431xx -c -I../Core/Inc -I../Drivers/STM32G4xx_HAL_Driver/Inc -I../Drivers/STM32G4xx_HAL_Driver/Inc/Legacy -I../Drivers/BSP/STM32G4xx_Nucleo -I../Drivers/CMSIS/Device/ST/STM32G4xx/Include -I../Drivers/CMSIS/Include -O0 -ffunction-sections -fdata-sections -Wall -fstack-usage -fcyclomatic-complexity -MMD -MP -MF"Drivers/STM32G4xx_HAL_Driver/Src/stm32g4xx_hal_pwr_ex.d" -MT"Drivers/STM32G4xx_HAL_Driver/Src/stm32g4xx_hal_pwr_ex.o" --specs=nano.specs -mfpu=fpv4-sp-d16 -mfloat-abi=hard -mthumb -o "Drivers/STM32G4xx_HAL_Driver/Src/stm32g4xx_hal_pwr_ex.o"
arm-none-eabi-gcc "../Drivers/STM32G4xx_HAL_Driver/Src/stm32g4xx_hal_rcc.c" -mcpu=cortex-m4 -std=gnu11 -g3 -DDEBUG -DUSE_NUCLEO_64 -DUSE_HAL_DRIVER -DSTM32G431xx -c -I../Core/Inc -I../Drivers/STM32G4xx_HAL_Driver/Inc -I../Drivers/STM32G4xx_HAL_Driver/Inc/Legacy -I../Drivers/BSP/STM32G4xx_Nucleo -I../Drivers/CMSIS/Device/ST/STM32G4xx/Include -I../Drivers/CMSIS/Include -O0 -ffunction-sections -fdata-sections -Wall -fstack-usage -fcyclomatic-complexity -MMD -MP -MF"Drivers/STM32G4xx_HAL_Driver/Src/stm32g4xx_hal_rcc.d" -MT"Drivers/STM32G4xx_HAL_Driver/Src/stm32g4xx_hal_rcc.o" --specs=nano.specs -mfpu=fpv4-sp-d16 -mfloat-abi=hard -mthumb -o "Drivers/STM32G4xx_HAL_Driver/Src/stm32g4xx_hal_rcc.o"
arm-none-eabi-gcc "../Drivers/STM32G4xx_HAL_Driver/Src/stm32g4xx_hal_rcc_ex.c" -mcpu=cortex-m4 -std=gnu11 -g3 -DDEBUG -DUSE_NUCLEO_64 -DUSE_HAL_DRIVER -DSTM32G431xx -c -I../Core/Inc -I../Drivers/STM32G4xx_HAL_Driver/Inc -I../Drivers/STM32G4xx_HAL_Driver/Inc/Legacy -I../Drivers/BSP/STM32G4xx_Nucleo -I../Drivers/CMSIS/Device/ST/STM32G4xx/Include -I../Drivers/CMSIS/Include -O0 -ffunction-sections -fdata-sections -Wall -fstack-usage -fcyclomatic-complexity -MMD -MP -MF"Drivers/STM32G4xx_HAL_Driver/Src/stm32g4xx_hal_rcc_ex.d" -MT"Drivers/STM32G4xx_HAL_Driver/Src/stm32g4xx_hal_rcc_ex.o" --specs=nano.specs -mfpu=fpv4-sp-d16 -mfloat-abi=hard -mthumb -o "Drivers/STM32G4xx_HAL_Driver/Src/stm32g4xx_hal_rcc_ex.o"
arm-none-eabi-gcc "../Drivers/STM32G4xx_HAL_Driver/Src/stm32g4xx_hal_uart.c" -mcpu=cortex-m4 -std=gnu11 -g3 -DDEBUG -DUSE_NUCLEO_64 -DUSE_HAL_DRIVER -DSTM32G431xx -c -I../Core/Inc -I../Drivers/STM32G4xx_HAL_Driver/Inc -I../Drivers/STM32G4xx_HAL_Driver/Inc/Legacy -I../Drivers/BSP/STM32G4xx_Nucleo -I../Drivers/CMSIS/Device/ST/STM32G4xx/Include -I../Drivers/CMSIS/Include -O0 -ffunction-sections -fdata-sections -Wall -fstack-usage -fcyclomatic-complexity -MMD -MP -MF"Drivers/STM32G4xx_HAL_Driver/Src/stm32g4xx_hal_uart.d" -MT"Drivers/STM32G4xx_HAL_Driver/Src/stm32g4xx_hal_uart.o" --specs=nano.specs -mfpu=fpv4-sp-d16 -mfloat-abi=hard -mthumb -o "Drivers/STM32G4xx_HAL_Driver/Src/stm32g4xx_hal_uart.o"
arm-none-eabi-gcc "../Drivers/STM32G4xx_HAL_Driver/Src/stm32g4xx_hal_uart_ex.c" -mcpu=cortex-m4 -std=gnu11 -g3 -DDEBUG -DUSE_NUCLEO_64 -DUSE_HAL_DRIVER -DSTM32G431xx -c -I../Core/Inc -I../Drivers/STM32G4xx_HAL_Driver/Inc -I../Drivers/STM32G4xx_HAL_Driver/Inc/Legacy -I../Drivers/BSP/STM32G4xx_Nucleo -I../Drivers/CMSIS/Device/ST/STM32G4xx/Include -I../Drivers/CMSIS/Include -O0 -ffunction-sections -fdata-sections -Wall -fstack-usage -fcyclomatic-complexity -MMD -MP -MF"Drivers/STM32G4xx_HAL_Driver/Src/stm32g4xx_hal_uart_ex.d" -MT"Drivers/STM32G4xx_HAL_Driver/Src/stm32g4xx_hal_uart_ex.o" --specs=nano.specs -mfpu=fpv4-sp-d16 -mfloat-abi=hard -mthumb -o "Drivers/STM32G4xx_HAL_Driver/Src/stm32g4xx_hal_uart_ex.o"
arm-none-eabi-gcc "../Drivers/STM32G4xx_HAL_Driver/Src/stm32g4xx_hal_usart.c" -mcpu=cortex-m4 -std=gnu11 -g3 -DDEBUG -DUSE_NUCLEO_64 -DUSE_HAL_DRIVER -DSTM32G431xx -c -I../Core/Inc -I../Drivers/STM32G4xx_HAL_Driver/Inc -I../Drivers/STM32G4xx_HAL_Driver/Inc/Legacy -I../Drivers/BSP/STM32G4xx_Nucleo -I../Drivers/CMSIS/Device/ST/STM32G4xx/Include -I../Drivers/CMSIS/Include -O0 -ffunction-sections -fdata-sections -Wall -fstack-usage -fcyclomatic-complexity -MMD -MP -MF"Drivers/STM32G4xx_HAL_Driver/Src/stm32g4xx_hal_usart.d" -MT"Drivers/STM32G4xx_HAL_Driver/Src/stm32g4xx_hal_usart.o" --specs=nano.specs -mfpu=fpv4-sp-d16 -mfloat-abi=hard -mthumb -o "Drivers/STM32G4xx_HAL_Driver/Src/stm32g4xx_hal_usart.o"
arm-none-eabi-gcc "../Drivers/STM32G4xx_HAL_Driver/Src/stm32g4xx_hal_usart_ex.c" -mcpu=cortex-m4 -std=gnu11 -g3 -DDEBUG -DUSE_NUCLEO_64 -DUSE_HAL_DRIVER -DSTM32G431xx -c -I../Core/Inc -I../Drivers/STM32G4xx_HAL_Driver/Inc -I../Drivers/STM32G4xx_HAL_Driver/Inc/Legacy -I../Drivers/BSP/STM32G4xx_Nucleo -I../Drivers/CMSIS/Device/ST/STM32G4xx/Include -I../Drivers/CMSIS/Include -O0 -ffunction-sections -fdata-sections -Wall -fstack-usage -fcyclomatic-complexity -MMD -MP -MF"Drivers/STM32G4xx_HAL_Driver/Src/stm32g4xx_hal_usart_ex.d" -MT"Drivers/STM32G4xx_HAL_Driver/Src/stm32g4xx_hal_usart_ex.o" --specs=nano.specs -mfpu=fpv4-sp-d16 -mfloat-abi=hard -mthumb -o "Drivers/STM32G4xx_HAL_Driver/Src/stm32g4xx_hal_usart_ex.o"
arm-none-eabi-gcc "../Drivers/BSP/STM32G4xx_Nucleo/stm32g4xx_nucleo.c" -mcpu=cortex-m4 -std=gnu11 -g3 -DDEBUG -DUSE_NUCLEO_64 -DUSE_HAL_DRIVER -DSTM32G431xx -c -I../Core/Inc -I../Drivers/STM32G4xx_HAL_Driver/Inc -I../Drivers/STM32G4xx_HAL_Driver/Inc/Legacy -I../Drivers/BSP/STM32G4xx_Nucleo -I../Drivers/CMSIS/Device/ST/STM32G4xx/Include -I../Drivers/CMSIS/Include -O0 -ffunction-sections -fdata-sections -Wall -fstack-usage -fcyclomatic-complexity -MMD -MP -MF"Drivers/BSP/STM32G4xx_Nucleo/stm32g4xx_nucleo.d" -MT"Drivers/BSP/STM32G4xx_Nucleo/stm32g4xx_nucleo.o" --specs=nano.specs -mfpu=fpv4-sp-d16 -mfloat-abi=hard -mthumb -o "Drivers/BSP/STM32G4xx_Nucleo/stm32g4xx_nucleo.o"
arm-none-eabi-gcc -mcpu=cortex-m4 -g3 -DDEBUG -c -x assembler-with-cpp -MMD -MP -MF"Core/Startup/startup_stm32g431rbtx.d" -MT"Core/Startup/startup_stm32g431rbtx.o" --specs=nano.specs -mfpu=fpv4-sp-d16 -mfloat-abi=hard -mthumb -o "Core/Startup/startup_stm32g431rbtx.o" "../Core/Startup/startup_stm32g431rbtx.s"
arm-none-eabi-gcc "../Core/Src/main.c" -mcpu=cortex-m4 -std=gnu11 -g3 -DDEBUG -DUSE_NUCLEO_64 -DUSE_HAL_DRIVER -DSTM32G431xx -c -I../Core/Inc -I../Drivers/STM32G4xx_HAL_Driver/Inc -I../Drivers/STM32G4xx_HAL_Driver/Inc/Legacy -I../Drivers/BSP/STM32G4xx_Nucleo -I../Drivers/CMSIS/Device/ST/STM32G4xx/Include -I../Drivers/CMSIS/Include -O0 -ffunction-sections -fdata-sections -Wall -fstack-usage -fcyclomatic-complexity -MMD -MP -MF"Core/Src/main.d" -MT"Core/Src/main.o" --specs=nano.specs -mfpu=fpv4-sp-d16 -mfloat-abi=hard -mthumb -o "Core/Src/main.o"
arm-none-eabi-gcc "../Core/Src/stm32g4xx_hal_msp.c" -mcpu=cortex-m4 -std=gnu11 -g3 -DDEBUG -DUSE_NUCLEO_64 -DUSE_HAL_DRIVER -DSTM32G431xx -c -I../Core/Inc -I../Drivers/STM32G4xx_HAL_Driver/Inc -I../Drivers/STM32G4xx_HAL_Driver/Inc/Legacy -I../Drivers/BSP/STM32G4xx_Nucleo -I../Drivers/CMSIS/Device/ST/STM32G4xx/Include -I../Drivers/CMSIS/Include -O0 -ffunction-sections -fdata-sections -Wall -fstack-usage -fcyclomatic-complexity -MMD -MP -MF"Core/Src/stm32g4xx_hal_msp.d" -MT"Core/Src/stm32g4xx_hal_msp.o" --specs=nano.specs -mfpu=fpv4-sp-d16 -mfloat-abi=hard -mthumb -o "Core/Src/stm32g4xx_hal_msp.o"
arm-none-eabi-gcc "../Core/Src/stm32g4xx_it.c" -mcpu=cortex-m4 -std=gnu11 -g3 -DDEBUG -DUSE_NUCLEO_64 -DUSE_HAL_DRIVER -DSTM32G431xx -c -I../Core/Inc -I../Drivers/STM32G4xx_HAL_Driver/Inc -I../Drivers/STM32G4xx_HAL_Driver/Inc/Legacy -I../Drivers/BSP/STM32G4xx_Nucleo -I../Drivers/CMSIS/Device/ST/STM32G4xx/Include -I../Drivers/CMSIS/Include -O0 -ffunction-sections -fdata-sections -Wall -fstack-usage -fcyclomatic-complexity -MMD -MP -MF"Core/Src/stm32g4xx_it.d" -MT"Core/Src/stm32g4xx_it.o" --specs=nano.specs -mfpu=fpv4-sp-d16 -mfloat-abi=hard -mthumb -o "Core/Src/stm32g4xx_it.o"
arm-none-eabi-gcc "../Core/Src/syscalls.c" -mcpu=cortex-m4 -std=gnu11 -g3 -DDEBUG -DUSE_NUCLEO_64 -DUSE_HAL_DRIVER -DSTM32G431xx -c -I../Core/Inc -I../Drivers/STM32G4xx_HAL_Driver/Inc -I../Drivers/STM32G4xx_HAL_Driver/Inc/Legacy -I../Drivers/BSP/STM32G4xx_Nucleo -I../Drivers/CMSIS/Device/ST/STM32G4xx/Include -I../Drivers/CMSIS/Include -O0 -ffunction-sections -fdata-sections -Wall -fstack-usage -fcyclomatic-complexity -MMD -MP -MF"Core/Src/syscalls.d" -MT"Core/Src/syscalls.o" --specs=nano.specs -mfpu=fpv4-sp-d16 -mfloat-abi=hard -mthumb -o "Core/Src/syscalls.o"
arm-none-eabi-gcc "../Core/Src/sysmem.c" -mcpu=cortex-m4 -std=gnu11 -g3 -DDEBUG -DUSE_NUCLEO_64 -DUSE_HAL_DRIVER -DSTM32G431xx -c -I../Core/Inc -I../Drivers/STM32G4xx_HAL_Driver/Inc -I../Drivers/STM32G4xx_HAL_Driver/Inc/Legacy -I../Drivers/BSP/STM32G4xx_Nucleo -I../Drivers/CMSIS/Device/ST/STM32G4xx/Include -I../Drivers/CMSIS/Include -O0 -ffunction-sections -fdata-sections -Wall -fstack-usage -fcyclomatic-complexity -MMD -MP -MF"Core/Src/sysmem.d" -MT"Core/Src/sysmem.o" --specs=nano.specs -mfpu=fpv4-sp-d16 -mfloat-abi=hard -mthumb -o "Core/Src/sysmem.o"
arm-none-eabi-gcc "../Core/Src/system_stm32g4xx.c" -mcpu=cortex-m4 -std=gnu11 -g3 -DDEBUG -DUSE_NUCLEO_64 -DUSE_HAL_DRIVER -DSTM32G431xx -c -I../Core/Inc -I../Drivers/STM32G4xx_HAL_Driver/Inc -I../Drivers/STM32G4xx_HAL_Driver/Inc/Legacy -I../Drivers/BSP/STM32G4xx_Nucleo -I../Drivers/CMSIS/Device/ST/STM32G4xx/Include -I../Drivers/CMSIS/Include -O0 -ffunction-sections -fdata-sections -Wall -fstack-usage -fcyclomatic-complexity -MMD -MP -MF"Core/Src/system_stm32g4xx.d" -MT"Core/Src/system_stm32g4xx.o" --specs=nano.specs -mfpu=fpv4-sp-d16 -mfloat-abi=hard -mthumb -o "Core/Src/system_stm32g4xx.o"
arm-none-eabi-gcc "../Core/Src/uart_reader.c" -mcpu=cortex-m4 -std=gnu11 -g3 -DDEBUG -DUSE_NUCLEO_64 -DUSE_HAL_DRIVER -DSTM32G431xx -c -I../Core/Inc -I../Drivers/STM32G4xx_HAL_Driver/Inc -I../Drivers/STM32G4xx_HAL_Driver/Inc/Legacy -I../Drivers/BSP/STM32G4xx_Nucleo -I../Drivers/CMSIS/Device/ST/STM32G4xx/Include -I../Drivers/CMSIS/Include -O0 -ffunction-sections -fdata-sections -Wall -fstack-usage -fcyclomatic-complexity -MMD -MP -MF"Core/Src/uart_reader.d" -MT"Core/Src/uart_reader.o" --specs=nano.specs -mfpu=fpv4-sp-d16 -mfloat-abi=hard -mthumb -o "Core/Src/uart_reader.o"
arm-none-eabi-gcc "../Core/Src/uart_writer.c" -mcpu=cortex-m4 -std=gnu11 -g3 -DDEBUG -DUSE_NUCLEO_64 -DUSE_HAL_DRIVER -DSTM32G431xx -c -I../Core/Inc -I../Drivers/STM32G4xx_HAL_Driver/Inc -I../Drivers/STM32G4xx_HAL_Driver/Inc/Legacy -I../Drivers/BSP/STM32G4xx_Nucleo -I../Drivers/CMSIS/Device/ST/STM32G4xx/Include -I../Drivers/CMSIS/Include -O0 -ffunction-sections -fdata-sections -Wall -fstack-usage -fcyclomatic-complexity -MMD -MP -MF"Core/Src/uart_writer.d" -MT"Core/Src/uart_writer.o" --specs=nano.specs -mfpu=fpv4-sp-d16 -mfloat-abi=hard -mthumb -o "Core/Src/uart_writer.o"
arm-none-eabi-gcc "../Core/Src/vt100.c" -mcpu=cortex-m4 -std=gnu11 -g3 -DDEBUG -DUSE_NUCLEO_64 -DUSE_HAL_DRIVER -DSTM32G431xx -c -I../Core/Inc -I../Drivers/STM32G4xx_HAL_Driver/Inc -I../Drivers/STM32G4xx_HAL_Driver/Inc/Legacy -I../Drivers/BSP/STM32G4xx_Nucleo -I../Drivers/CMSIS/Device/ST/STM32G4xx/Include -I../Drivers/CMSIS/Include -O0 -ffunction-sections -fdata-sections -Wall -fstack-usage -fcyclomatic-complexity -MMD -MP -MF"Core/Src/vt100.d" -MT"Core/Src/vt100.o" --specs=nano.specs -mfpu=fpv4-sp-d16 -mfloat-abi=hard -mthumb -o "Core/Src/vt100.o"
../Core/Src/vt100.c: In function 'vt100_clear_screen':
../Core/Src/vt100.c:10:5: warning: implicit declaration of function 'uart_send_async' [-Wimplicit-function-declaration]
   10 |     uart_send_async(VT100_CLEAR_SCREEN);
      |     ^~~~~~~~~~~~~~~
arm-none-eabi-gcc -o "Arduino_Car_STM32_SingleTask.elf" @"objects.list"   -mcpu=cortex-m4 -T"/Users/osamahshamsan/STM32CubeIDE/workspace_1.18.1/Arduino_Car_STM32_SingleTask/STM32G431RBTX_FLASH.ld" --specs=nosys.specs -Wl,-Map="Arduino_Car_STM32_SingleTask.map" -Wl,--gc-sections -static --specs=nano.specs -mfpu=fpv4-sp-d16 -mfloat-abi=hard -mthumb -Wl,--start-group -lc -lm -Wl,--end-group
Finished building target: Arduino_Car_STM32_SingleTask.elf
 
arm-none-eabi-size  Arduino_Car_STM32_SingleTask.elf 
arm-none-eabi-objdump -h -S Arduino_Car_STM32_SingleTask.elf  > "Arduino_Car_STM32_SingleTask.list"
   text	   data	    bss	    dec	    hex	filename
  13672	     12	   1716	  15400	   3c28	Arduino_Car_STM32_SingleTask.elf
Finished building: default.size.stdout
 
Finished building: Arduino_Car_STM32_SingleTask.list
 
14:42:21 **** Incremental Build of configuration Debug for project Arduino_Car_STM32_SingleTask ****
make -j9 all 
arm-none-eabi-gcc "../Core/Src/vt100.c" -mcpu=cortex-m4 -std=gnu11 -g3 -DDEBUG -DUSE_NUCLEO_64 -DUSE_HAL_DRIVER -DSTM32G431xx -c -I../Core/Inc -I../Drivers/STM32G4xx_HAL_Driver/Inc -I../Drivers/STM32G4xx_HAL_Driver/Inc/Legacy -I../Drivers/BSP/STM32G4xx_Nucleo -I../Drivers/CMSIS/Device/ST/STM32G4xx/Include -I../Drivers/CMSIS/Include -O0 -ffunction-sections -fdata-sections -Wall -fstack-usage -fcyclomatic-complexity -MMD -MP -MF"Core/Src/vt100.d" -MT"Core/Src/vt100.o" --specs=nano.specs -mfpu=fpv4-sp-d16 -mfloat-abi=hard -mthumb -o "Core/Src/vt100.o"
arm-none-eabi-gcc -o "Arduino_Car_STM32_SingleTask.elf" @"objects.list"   -mcpu=cortex-m4 -T"/Users/osamahshamsan/STM32CubeIDE/workspace_1.18.1/Arduino_Car_STM32_SingleTask/STM32G431RBTX_FLASH.ld" --specs=nosys.specs -Wl,-Map="Arduino_Car_STM32_SingleTask.map" -Wl,--gc-sections -static --specs=nano.specs -mfpu=fpv4-sp-d16 -mfloat-abi=hard -mthumb -Wl,--start-group -lc -lm -Wl,--end-group
Finished building target: Arduino_Car_STM32_SingleTask.elf
 
arm-none-eabi-size  Arduino_Car_STM32_SingleTask.elf 
arm-none-eabi-objdump -h -S Arduino_Car_STM32_SingleTask.elf  > "Arduino_Car_STM32_SingleTask.list"
   text	   data	    bss	    dec	    hex	filename
  13672	     12	   1716	  15400	   3c28	Arduino_Car_STM32_SingleTask.elf
Finished building: default.size.stdout
 
Finished building: Arduino_Car_STM32_SingleTask.list
 
14:44:34 **** Incremental Build of configuration Debug for project Arduino_Car_STM32_SingleTask ****
make -j9 all 
arm-none-eabi-size  Arduino_Car_STM32_SingleTask.elf 
   text	   data	    bss	    dec	    hex	filename
  13672	     12	   1716	  15400	   3c28	Arduino_Car_STM32_SingleTask.elf
Finished building: default.size.stdout
 
14:47:05 **** Incremental Build of configuration Debug for project Arduino_Car_STM32_SingleTask ****
make -j9 all 
arm-none-eabi-size  Arduino_Car_STM32_SingleTask.elf 
   text	   data	    bss	    dec	    hex	filename
  13672	     12	   1716	  15400	   3c28	Arduino_Car_STM32_SingleTask.elf
Finished building: default.size.stdout
 
14:48:05 **** Incremental Build of configuration Debug for project Arduino_Car_STM32_SingleTask ****
make -j9 all 
arm-none-eabi-gcc "../Core/Src/uart_writer.c" -mcpu=cortex-m4 -std=gnu11 -g3 -DDEBUG -DUSE_NUCLEO_64 -DUSE_HAL_DRIVER -DSTM32G431xx -c -I../Core/Inc -I../Drivers/STM32G4xx_HAL_Driver/Inc -I../Drivers/STM32G4xx_HAL_Driver/Inc/Legacy -I../Drivers/BSP/STM32G4xx_Nucleo -I../Drivers/CMSIS/Device/ST/STM32G4xx/Include -I../Drivers/CMSIS/Include -O0 -ffunction-sections -fdata-sections -Wall -fstack-usage -fcyclomatic-complexity -MMD -MP -MF"Core/Src/uart_writer.d" -MT"Core/Src/uart_writer.o" --specs=nano.specs -mfpu=fpv4-sp-d16 -mfloat-abi=hard -mthumb -o "Core/Src/uart_writer.o"
arm-none-eabi-gcc "../Core/Src/vt100.c" -mcpu=cortex-m4 -std=gnu11 -g3 -DDEBUG -DUSE_NUCLEO_64 -DUSE_HAL_DRIVER -DSTM32G431xx -c -I../Core/Inc -I../Drivers/STM32G4xx_HAL_Driver/Inc -I../Drivers/STM32G4xx_HAL_Driver/Inc/Legacy -I../Drivers/BSP/STM32G4xx_Nucleo -I../Drivers/CMSIS/Device/ST/STM32G4xx/Include -I../Drivers/CMSIS/Include -O0 -ffunction-sections -fdata-sections -Wall -fstack-usage -fcyclomatic-complexity -MMD -MP -MF"Core/Src/vt100.d" -MT"Core/Src/vt100.o" --specs=nano.specs -mfpu=fpv4-sp-d16 -mfloat-abi=hard -mthumb -o "Core/Src/vt100.o"
In file included from ../Core/Src/uart_writer.c:5:
../Core/Inc/uart_writer.h:9:10: fatal error: usart.h: No such file or directory
    9 | #include "usart.h"
      |          ^~~~~~~~~
In file included from ../Core/Src/vt100.c:6:
../Core/Inc/uart_writer.h:9:10: fatal error: usart.h: No such file or directory
    9 | #include "usart.h"
      |          ^~~~~~~~~
compilation terminated.
compilation terminated.
make: *** [Core/Src/subdir.mk:43: Core/Src/vt100.o] Error 1
make: *** Waiting for unfinished jobs....
make: *** [Core/Src/subdir.mk:43: Core/Src/uart_writer.o] Error 1
"make -j9 all" terminated with exit code 2. Build might be incomplete.
14:48:20 **** Incremental Build of configuration Debug for project Arduino_Car_STM32_SingleTask ****
make -j9 all 
arm-none-eabi-gcc "../Core/Src/uart_writer.c" -mcpu=cortex-m4 -std=gnu11 -g3 -DDEBUG -DUSE_NUCLEO_64 -DUSE_HAL_DRIVER -DSTM32G431xx -c -I../Core/Inc -I../Drivers/STM32G4xx_HAL_Driver/Inc -I../Drivers/STM32G4xx_HAL_Driver/Inc/Legacy -I../Drivers/BSP/STM32G4xx_Nucleo -I../Drivers/CMSIS/Device/ST/STM32G4xx/Include -I../Drivers/CMSIS/Include -O0 -ffunction-sections -fdata-sections -Wall -fstack-usage -fcyclomatic-complexity -MMD -MP -MF"Core/Src/uart_writer.d" -MT"Core/Src/uart_writer.o" --specs=nano.specs -mfpu=fpv4-sp-d16 -mfloat-abi=hard -mthumb -o "Core/Src/uart_writer.o"
arm-none-eabi-gcc "../Core/Src/vt100.c" -mcpu=cortex-m4 -std=gnu11 -g3 -DDEBUG -DUSE_NUCLEO_64 -DUSE_HAL_DRIVER -DSTM32G431xx -c -I../Core/Inc -I../Drivers/STM32G4xx_HAL_Driver/Inc -I../Drivers/STM32G4xx_HAL_Driver/Inc/Legacy -I../Drivers/BSP/STM32G4xx_Nucleo -I../Drivers/CMSIS/Device/ST/STM32G4xx/Include -I../Drivers/CMSIS/Include -O0 -ffunction-sections -fdata-sections -Wall -fstack-usage -fcyclomatic-complexity -MMD -MP -MF"Core/Src/vt100.d" -MT"Core/Src/vt100.o" --specs=nano.specs -mfpu=fpv4-sp-d16 -mfloat-abi=hard -mthumb -o "Core/Src/vt100.o"
../Core/Src/uart_writer.c:8:17: error: unknown type name 'uint8_t'
    8 | static volatile uint8_t queue_head = 0;
      |                 ^~~~~~~
../Core/Src/uart_writer.c:9:17: error: unknown type name 'uint8_t'
    9 | static volatile uint8_t queue_tail = 0;
      |                 ^~~~~~~
../Core/Src/uart_writer.c:10:17: error: unknown type name 'uint8_t'
   10 | static volatile uint8_t queue_count = 0;
      |                 ^~~~~~~
../Core/Src/uart_writer.c:12:8: error: unknown type name 'uint8_t'
   12 | static uint8_t tx_buffer[UART_TX_BUFFER_SIZE];
      |        ^~~~~~~
../Core/Src/uart_writer.c: In function 'uart_send_blocking':
../Core/Src/uart_writer.c:29:9: error: unknown type name 'uint16_t'
   29 |         uint16_t chunk_len = (remaining > UART_TX_BUFFER_SIZE) ? UART_TX_BUFFER_SIZE : (uint16_t)remaining;
      |         ^~~~~~~~
../Core/Src/uart_writer.c:6:1: note: 'uint16_t' is defined in header '<stdint.h>'; did you forget to '#include <stdint.h>'?
    5 | #include "uart_writer.h"
  +++ |+#include <stdint.h>
    6 | 
../Core/Src/uart_writer.c:29:89: error: 'uint16_t' undeclared (first use in this function)
   29 |         uint16_t chunk_len = (remaining > UART_TX_BUFFER_SIZE) ? UART_TX_BUFFER_SIZE : (uint16_t)remaining;
      |                                                                                         ^~~~~~~~
../Core/Src/uart_writer.c:29:89: note: 'uint16_t' is defined in header '<stdint.h>'; did you forget to '#include <stdint.h>'?
../Core/Src/uart_writer.c:29:89: note: each undeclared identifier is reported only once for each function it appears in
../Core/Src/uart_writer.c:29:98: error: expected ',' or ';' before 'remaining'
   29 |         uint16_t chunk_len = (remaining > UART_TX_BUFFER_SIZE) ? UART_TX_BUFFER_SIZE : (uint16_t)remaining;
      |                                                                                                  ^~~~~~~~~
../Core/Src/uart_writer.c:31:13: warning: implicit declaration of function 'HAL_UART_Transmit' [-Wimplicit-function-declaration]
   31 |         if (HAL_UART_Transmit(&huart2, (uint8_t*)&str[sent], chunk_len, UART_TX_TIMEOUT_MS) != HAL_OK)
      |             ^~~~~~~~~~~~~~~~~
../Core/Src/uart_writer.c:31:32: error: 'huart2' undeclared (first use in this function)
   31 |         if (HAL_UART_Transmit(&huart2, (uint8_t*)&str[sent], chunk_len, UART_TX_TIMEOUT_MS) != HAL_OK)
      |                                ^~~~~~
../Core/Src/uart_writer.c:31:41: error: 'uint8_t' undeclared (first use in this function)
   31 |         if (HAL_UART_Transmit(&huart2, (uint8_t*)&str[sent], chunk_len, UART_TX_TIMEOUT_MS) != HAL_OK)
      |                                         ^~~~~~~
../Core/Src/uart_writer.c:31:41: note: 'uint8_t' is defined in header '<stdint.h>'; did you forget to '#include <stdint.h>'?
../Core/Src/uart_writer.c:31:49: error: expected expression before ')' token
   31 |         if (HAL_UART_Transmit(&huart2, (uint8_t*)&str[sent], chunk_len, UART_TX_TIMEOUT_MS) != HAL_OK)
      |                                                 ^
../Core/Src/uart_writer.c:31:96: error: 'HAL_OK' undeclared (first use in this function)
   31 |         if (HAL_UART_Transmit(&huart2, (uint8_t*)&str[sent], chunk_len, UART_TX_TIMEOUT_MS) != HAL_OK)
      |                                                                                                ^~~~~~
../Core/Src/uart_writer.c: In function 'uart_send_async':
../Core/Src/uart_writer.c:47:5: warning: implicit declaration of function '__disable_irq' [-Wimplicit-function-declaration]
   47 |     __disable_irq();  // critical section
      |     ^~~~~~~~~~~~~
../Core/Src/uart_writer.c:50:19: error: 'uint8_t' undeclared (first use in this function)
   50 |     queue_tail = (uint8_t)(queue_tail + 1) % UART_QUEUE_DEPTH;
      |                   ^~~~~~~
../Core/Src/uart_writer.c:50:19: note: 'uint8_t' is defined in header '<stdint.h>'; did you forget to '#include <stdint.h>'?
../Core/Src/uart_writer.c:52:5: warning: implicit declaration of function '__enable_irq' [-Wimplicit-function-declaration]
   52 |     __enable_irq();
      |     ^~~~~~~~~~~~
../Core/Src/uart_writer.c: In function 'uart_start_next_message':
../Core/Src/uart_writer.c:70:19: error: 'uint8_t' undeclared (first use in this function)
   70 |     queue_head = (uint8_t)(queue_head + 1) % UART_QUEUE_DEPTH;
      |                   ^~~~~~~
../Core/Src/uart_writer.c:70:19: note: 'uint8_t' is defined in header '<stdint.h>'; did you forget to '#include <stdint.h>'?
../Core/Src/uart_writer.c:77:5: warning: implicit declaration of function 'HAL_UART_Transmit_IT' [-Wimplicit-function-declaration]
   77 |     HAL_UART_Transmit_IT(&huart2, tx_buffer, (uint16_t)chunk_len);
      |     ^~~~~~~~~~~~~~~~~~~~
../Core/Src/uart_writer.c:77:27: error: 'huart2' undeclared (first use in this function)
   77 |     HAL_UART_Transmit_IT(&huart2, tx_buffer, (uint16_t)chunk_len);
      |                           ^~~~~~
../Core/Src/uart_writer.c:77:47: error: 'uint16_t' undeclared (first use in this function)
   77 |     HAL_UART_Transmit_IT(&huart2, tx_buffer, (uint16_t)chunk_len);
      |                                               ^~~~~~~~
../Core/Src/uart_writer.c:77:47: note: 'uint16_t' is defined in header '<stdint.h>'; did you forget to '#include <stdint.h>'?
../Core/Src/uart_writer.c:77:56: error: expected ')' before 'chunk_len'
   77 |     HAL_UART_Transmit_IT(&huart2, tx_buffer, (uint16_t)chunk_len);
      |                         ~                              ^~~~~~~~~
      |                                                        )
../Core/Src/uart_writer.c: At top level:
../Core/Src/uart_writer.c:80:30: error: unknown type name 'UART_HandleTypeDef'
   80 | void HAL_UART_TxCpltCallback(UART_HandleTypeDef* huart) {
      |                              ^~~~~~~~~~~~~~~~~~
make: *** [Core/Src/subdir.mk:43: Core/Src/uart_writer.o] Error 1
make: *** Waiting for unfinished jobs....
"make -j9 all" terminated with exit code 2. Build might be incomplete.
14:50:14 **** Incremental Build of configuration Debug for project Arduino_Car_STM32_SingleTask ****
make -j9 all 
arm-none-eabi-gcc "../Core/Src/uart_writer.c" -mcpu=cortex-m4 -std=gnu11 -g3 -DDEBUG -DUSE_NUCLEO_64 -DUSE_HAL_DRIVER -DSTM32G431xx -c -I../Core/Inc -I../Drivers/STM32G4xx_HAL_Driver/Inc -I../Drivers/STM32G4xx_HAL_Driver/Inc/Legacy -I../Drivers/BSP/STM32G4xx_Nucleo -I../Drivers/CMSIS/Device/ST/STM32G4xx/Include -I../Drivers/CMSIS/Include -O0 -ffunction-sections -fdata-sections -Wall -fstack-usage -fcyclomatic-complexity -MMD -MP -MF"Core/Src/uart_writer.d" -MT"Core/Src/uart_writer.o" --specs=nano.specs -mfpu=fpv4-sp-d16 -mfloat-abi=hard -mthumb -o "Core/Src/uart_writer.o"
arm-none-eabi-gcc "../Core/Src/vt100.c" -mcpu=cortex-m4 -std=gnu11 -g3 -DDEBUG -DUSE_NUCLEO_64 -DUSE_HAL_DRIVER -DSTM32G431xx -c -I../Core/Inc -I../Drivers/STM32G4xx_HAL_Driver/Inc -I../Drivers/STM32G4xx_HAL_Driver/Inc/Legacy -I../Drivers/BSP/STM32G4xx_Nucleo -I../Drivers/CMSIS/Device/ST/STM32G4xx/Include -I../Drivers/CMSIS/Include -O0 -ffunction-sections -fdata-sections -Wall -fstack-usage -fcyclomatic-complexity -MMD -MP -MF"Core/Src/vt100.d" -MT"Core/Src/vt100.o" --specs=nano.specs -mfpu=fpv4-sp-d16 -mfloat-abi=hard -mthumb -o "Core/Src/vt100.o"
../Core/Src/uart_writer.c:6:10: fatal error: usart.h: No such file or directory
    6 | #include "usart.h"
      |          ^~~~~~~~~
compilation terminated.
make: *** [Core/Src/subdir.mk:43: Core/Src/uart_writer.o] Error 1
make: *** Waiting for unfinished jobs....
"make -j9 all" terminated with exit code 2. Build might be incomplete.
14:50:45 **** Incremental Build of configuration Debug for project Arduino_Car_STM32_SingleTask ****
make -j9 all 
arm-none-eabi-gcc "../Core/Src/main.c" -mcpu=cortex-m4 -std=gnu11 -g3 -DDEBUG -DUSE_NUCLEO_64 -DUSE_HAL_DRIVER -DSTM32G431xx -c -I../Core/Inc -I../Drivers/STM32G4xx_HAL_Driver/Inc -I../Drivers/STM32G4xx_HAL_Driver/Inc/Legacy -I../Drivers/BSP/STM32G4xx_Nucleo -I../Drivers/CMSIS/Device/ST/STM32G4xx/Include -I../Drivers/CMSIS/Include -O0 -ffunction-sections -fdata-sections -Wall -fstack-usage -fcyclomatic-complexity -MMD -MP -MF"Core/Src/main.d" -MT"Core/Src/main.o" --specs=nano.specs -mfpu=fpv4-sp-d16 -mfloat-abi=hard -mthumb -o "Core/Src/main.o"
arm-none-eabi-gcc "../Core/Src/uart_writer.c" -mcpu=cortex-m4 -std=gnu11 -g3 -DDEBUG -DUSE_NUCLEO_64 -DUSE_HAL_DRIVER -DSTM32G431xx -c -I../Core/Inc -I../Drivers/STM32G4xx_HAL_Driver/Inc -I../Drivers/STM32G4xx_HAL_Driver/Inc/Legacy -I../Drivers/BSP/STM32G4xx_Nucleo -I../Drivers/CMSIS/Device/ST/STM32G4xx/Include -I../Drivers/CMSIS/Include -O0 -ffunction-sections -fdata-sections -Wall -fstack-usage -fcyclomatic-complexity -MMD -MP -MF"Core/Src/uart_writer.d" -MT"Core/Src/uart_writer.o" --specs=nano.specs -mfpu=fpv4-sp-d16 -mfloat-abi=hard -mthumb -o "Core/Src/uart_writer.o"
../Core/Src/uart_writer.c:8:17: error: unknown type name 'uint8_t'
    8 | static volatile uint8_t queue_head = 0;
      |                 ^~~~~~~
../Core/Src/uart_writer.c:9:17: error: unknown type name 'uint8_t'
    9 | static volatile uint8_t queue_tail = 0;
      |                 ^~~~~~~
../Core/Src/uart_writer.c:10:17: error: unknown type name 'uint8_t'
   10 | static volatile uint8_t queue_count = 0;
      |                 ^~~~~~~
../Core/Src/uart_writer.c:12:8: error: unknown type name 'uint8_t'
   12 | static uint8_t tx_buffer[UART_TX_BUFFER_SIZE];
      |        ^~~~~~~
../Core/Src/uart_writer.c: In function 'uart_send_blocking':
../Core/Src/uart_writer.c:29:9: error: unknown type name 'uint16_t'
   29 |         uint16_t chunk_len = (remaining > UART_TX_BUFFER_SIZE) ? UART_TX_BUFFER_SIZE : (uint16_t)remaining;
      |         ^~~~~~~~
../Core/Src/uart_writer.c:6:1: note: 'uint16_t' is defined in header '<stdint.h>'; did you forget to '#include <stdint.h>'?
    5 | #include "uart_writer.h"
  +++ |+#include <stdint.h>
    6 | 
../Core/Src/uart_writer.c:29:89: error: 'uint16_t' undeclared (first use in this function)
   29 |         uint16_t chunk_len = (remaining > UART_TX_BUFFER_SIZE) ? UART_TX_BUFFER_SIZE : (uint16_t)remaining;
      |                                                                                         ^~~~~~~~
../Core/Src/uart_writer.c:29:89: note: 'uint16_t' is defined in header '<stdint.h>'; did you forget to '#include <stdint.h>'?
../Core/Src/uart_writer.c:29:89: note: each undeclared identifier is reported only once for each function it appears in
../Core/Src/uart_writer.c:29:98: error: expected ',' or ';' before 'remaining'
   29 |         uint16_t chunk_len = (remaining > UART_TX_BUFFER_SIZE) ? UART_TX_BUFFER_SIZE : (uint16_t)remaining;
      |                                                                                                  ^~~~~~~~~
../Core/Src/uart_writer.c:31:13: warning: implicit declaration of function 'HAL_UART_Transmit' [-Wimplicit-function-declaration]
   31 |         if (HAL_UART_Transmit(&huart2, (uint8_t*)&str[sent], chunk_len, UART_TX_TIMEOUT_MS) != HAL_OK)
      |             ^~~~~~~~~~~~~~~~~
../Core/Src/uart_writer.c:31:32: error: 'huart2' undeclared (first use in this function)
   31 |         if (HAL_UART_Transmit(&huart2, (uint8_t*)&str[sent], chunk_len, UART_TX_TIMEOUT_MS) != HAL_OK)
      |                                ^~~~~~
../Core/Src/uart_writer.c:31:41: error: 'uint8_t' undeclared (first use in this function)
   31 |         if (HAL_UART_Transmit(&huart2, (uint8_t*)&str[sent], chunk_len, UART_TX_TIMEOUT_MS) != HAL_OK)
      |                                         ^~~~~~~
../Core/Src/uart_writer.c:31:41: note: 'uint8_t' is defined in header '<stdint.h>'; did you forget to '#include <stdint.h>'?
../Core/Src/uart_writer.c:31:49: error: expected expression before ')' token
   31 |         if (HAL_UART_Transmit(&huart2, (uint8_t*)&str[sent], chunk_len, UART_TX_TIMEOUT_MS) != HAL_OK)
      |                                                 ^
../Core/Src/uart_writer.c:31:96: error: 'HAL_OK' undeclared (first use in this function)
   31 |         if (HAL_UART_Transmit(&huart2, (uint8_t*)&str[sent], chunk_len, UART_TX_TIMEOUT_MS) != HAL_OK)
      |                                                                                                ^~~~~~
../Core/Src/uart_writer.c: In function 'uart_send_async':
../Core/Src/uart_writer.c:47:5: warning: implicit declaration of function '__disable_irq' [-Wimplicit-function-declaration]
   47 |     __disable_irq();  // critical section
      |     ^~~~~~~~~~~~~
../Core/Src/uart_writer.c:50:19: error: 'uint8_t' undeclared (first use in this function)
   50 |     queue_tail = (uint8_t)(queue_tail + 1) % UART_QUEUE_DEPTH;
      |                   ^~~~~~~
../Core/Src/uart_writer.c:50:19: note: 'uint8_t' is defined in header '<stdint.h>'; did you forget to '#include <stdint.h>'?
../Core/Src/uart_writer.c:52:5: warning: implicit declaration of function '__enable_irq' [-Wimplicit-function-declaration]
   52 |     __enable_irq();
      |     ^~~~~~~~~~~~
../Core/Src/uart_writer.c: In function 'uart_start_next_message':
../Core/Src/uart_writer.c:70:19: error: 'uint8_t' undeclared (first use in this function)
   70 |     queue_head = (uint8_t)(queue_head + 1) % UART_QUEUE_DEPTH;
      |                   ^~~~~~~
../Core/Src/uart_writer.c:70:19: note: 'uint8_t' is defined in header '<stdint.h>'; did you forget to '#include <stdint.h>'?
../Core/Src/uart_writer.c:77:5: warning: implicit declaration of function 'HAL_UART_Transmit_IT' [-Wimplicit-function-declaration]
   77 |     HAL_UART_Transmit_IT(&huart2, tx_buffer, (uint16_t)chunk_len);
      |     ^~~~~~~~~~~~~~~~~~~~
../Core/Src/uart_writer.c:77:27: error: 'huart2' undeclared (first use in this function)
   77 |     HAL_UART_Transmit_IT(&huart2, tx_buffer, (uint16_t)chunk_len);
      |                           ^~~~~~
../Core/Src/uart_writer.c:77:47: error: 'uint16_t' undeclared (first use in this function)
   77 |     HAL_UART_Transmit_IT(&huart2, tx_buffer, (uint16_t)chunk_len);
      |                                               ^~~~~~~~
../Core/Src/uart_writer.c:77:47: note: 'uint16_t' is defined in header '<stdint.h>'; did you forget to '#include <stdint.h>'?
../Core/Src/uart_writer.c:77:56: error: expected ')' before 'chunk_len'
   77 |     HAL_UART_Transmit_IT(&huart2, tx_buffer, (uint16_t)chunk_len);
      |                         ~                              ^~~~~~~~~
      |                                                        )
../Core/Src/uart_writer.c: At top level:
../Core/Src/uart_writer.c:80:30: error: unknown type name 'UART_HandleTypeDef'
   80 | void HAL_UART_TxCpltCallback(UART_HandleTypeDef* huart) {
      |                              ^~~~~~~~~~~~~~~~~~
make: *** [Core/Src/subdir.mk:43: Core/Src/uart_writer.o] Error 1
make: *** Waiting for unfinished jobs....
"make -j9 all" terminated with exit code 2. Build might be incomplete.
14:51:43 **** Incremental Build of configuration Debug for project Arduino_Car_STM32_SingleTask ****
make -j9 all 
arm-none-eabi-gcc "../Core/Src/uart_writer.c" -mcpu=cortex-m4 -std=gnu11 -g3 -DDEBUG -DUSE_NUCLEO_64 -DUSE_HAL_DRIVER -DSTM32G431xx -c -I../Core/Inc -I../Drivers/STM32G4xx_HAL_Driver/Inc -I../Drivers/STM32G4xx_HAL_Driver/Inc/Legacy -I../Drivers/BSP/STM32G4xx_Nucleo -I../Drivers/CMSIS/Device/ST/STM32G4xx/Include -I../Drivers/CMSIS/Include -O0 -ffunction-sections -fdata-sections -Wall -fstack-usage -fcyclomatic-complexity -MMD -MP -MF"Core/Src/uart_writer.d" -MT"Core/Src/uart_writer.o" --specs=nano.specs -mfpu=fpv4-sp-d16 -mfloat-abi=hard -mthumb -o "Core/Src/uart_writer.o"
arm-none-eabi-gcc "../Core/Src/vt100.c" -mcpu=cortex-m4 -std=gnu11 -g3 -DDEBUG -DUSE_NUCLEO_64 -DUSE_HAL_DRIVER -DSTM32G431xx -c -I../Core/Inc -I../Drivers/STM32G4xx_HAL_Driver/Inc -I../Drivers/STM32G4xx_HAL_Driver/Inc/Legacy -I../Drivers/BSP/STM32G4xx_Nucleo -I../Drivers/CMSIS/Device/ST/STM32G4xx/Include -I../Drivers/CMSIS/Include -O0 -ffunction-sections -fdata-sections -Wall -fstack-usage -fcyclomatic-complexity -MMD -MP -MF"Core/Src/vt100.d" -MT"Core/Src/vt100.o" --specs=nano.specs -mfpu=fpv4-sp-d16 -mfloat-abi=hard -mthumb -o "Core/Src/vt100.o"
../Core/Src/uart_writer.c:8:17: error: unknown type name 'uint8_t'
    8 | static volatile uint8_t queue_head = 0;
      |                 ^~~~~~~
../Core/Src/uart_writer.c:9:17: error: unknown type name 'uint8_t'
    9 | static volatile uint8_t queue_tail = 0;
      |                 ^~~~~~~
../Core/Src/uart_writer.c:10:17: error: unknown type name 'uint8_t'
   10 | static volatile uint8_t queue_count = 0;
      |                 ^~~~~~~
../Core/Src/uart_writer.c:12:8: error: unknown type name 'uint8_t'
   12 | static uint8_t tx_buffer[UART_TX_BUFFER_SIZE];
      |        ^~~~~~~
../Core/Src/uart_writer.c: In function 'uart_send_blocking':
../Core/Src/uart_writer.c:29:9: error: unknown type name 'uint16_t'
   29 |         uint16_t chunk_len = (remaining > UART_TX_BUFFER_SIZE) ? UART_TX_BUFFER_SIZE : (uint16_t)remaining;
      |         ^~~~~~~~
../Core/Src/uart_writer.c:6:1: note: 'uint16_t' is defined in header '<stdint.h>'; did you forget to '#include <stdint.h>'?
    5 | #include "uart_writer.h"
  +++ |+#include <stdint.h>
    6 | 
../Core/Src/uart_writer.c:29:89: error: 'uint16_t' undeclared (first use in this function)
   29 |         uint16_t chunk_len = (remaining > UART_TX_BUFFER_SIZE) ? UART_TX_BUFFER_SIZE : (uint16_t)remaining;
      |                                                                                         ^~~~~~~~
../Core/Src/uart_writer.c:29:89: note: 'uint16_t' is defined in header '<stdint.h>'; did you forget to '#include <stdint.h>'?
../Core/Src/uart_writer.c:29:89: note: each undeclared identifier is reported only once for each function it appears in
../Core/Src/uart_writer.c:29:98: error: expected ',' or ';' before 'remaining'
   29 |         uint16_t chunk_len = (remaining > UART_TX_BUFFER_SIZE) ? UART_TX_BUFFER_SIZE : (uint16_t)remaining;
      |                                                                                                  ^~~~~~~~~
../Core/Src/uart_writer.c:31:13: warning: implicit declaration of function 'HAL_UART_Transmit' [-Wimplicit-function-declaration]
   31 |         if (HAL_UART_Transmit(&huart2, (uint8_t*)&str[sent], chunk_len, UART_TX_TIMEOUT_MS) != HAL_OK)
      |             ^~~~~~~~~~~~~~~~~
../Core/Src/uart_writer.c:31:32: error: 'huart2' undeclared (first use in this function)
   31 |         if (HAL_UART_Transmit(&huart2, (uint8_t*)&str[sent], chunk_len, UART_TX_TIMEOUT_MS) != HAL_OK)
      |                                ^~~~~~
../Core/Src/uart_writer.c:31:41: error: 'uint8_t' undeclared (first use in this function)
   31 |         if (HAL_UART_Transmit(&huart2, (uint8_t*)&str[sent], chunk_len, UART_TX_TIMEOUT_MS) != HAL_OK)
      |                                         ^~~~~~~
../Core/Src/uart_writer.c:31:41: note: 'uint8_t' is defined in header '<stdint.h>'; did you forget to '#include <stdint.h>'?
../Core/Src/uart_writer.c:31:49: error: expected expression before ')' token
   31 |         if (HAL_UART_Transmit(&huart2, (uint8_t*)&str[sent], chunk_len, UART_TX_TIMEOUT_MS) != HAL_OK)
      |                                                 ^
../Core/Src/uart_writer.c:31:96: error: 'HAL_OK' undeclared (first use in this function)
   31 |         if (HAL_UART_Transmit(&huart2, (uint8_t*)&str[sent], chunk_len, UART_TX_TIMEOUT_MS) != HAL_OK)
      |                                                                                                ^~~~~~
../Core/Src/uart_writer.c: In function 'uart_send_async':
../Core/Src/uart_writer.c:47:5: warning: implicit declaration of function '__disable_irq' [-Wimplicit-function-declaration]
   47 |     __disable_irq();  // critical section
      |     ^~~~~~~~~~~~~
../Core/Src/uart_writer.c:50:19: error: 'uint8_t' undeclared (first use in this function)
   50 |     queue_tail = (uint8_t)(queue_tail + 1) % UART_QUEUE_DEPTH;
      |                   ^~~~~~~
../Core/Src/uart_writer.c:50:19: note: 'uint8_t' is defined in header '<stdint.h>'; did you forget to '#include <stdint.h>'?
../Core/Src/uart_writer.c:52:5: warning: implicit declaration of function '__enable_irq' [-Wimplicit-function-declaration]
   52 |     __enable_irq();
      |     ^~~~~~~~~~~~
../Core/Src/uart_writer.c: In function 'uart_start_next_message':
../Core/Src/uart_writer.c:70:19: error: 'uint8_t' undeclared (first use in this function)
   70 |     queue_head = (uint8_t)(queue_head + 1) % UART_QUEUE_DEPTH;
      |                   ^~~~~~~
../Core/Src/uart_writer.c:70:19: note: 'uint8_t' is defined in header '<stdint.h>'; did you forget to '#include <stdint.h>'?
../Core/Src/uart_writer.c:77:5: warning: implicit declaration of function 'HAL_UART_Transmit_IT' [-Wimplicit-function-declaration]
   77 |     HAL_UART_Transmit_IT(&huart2, tx_buffer, (uint16_t)chunk_len);
      |     ^~~~~~~~~~~~~~~~~~~~
../Core/Src/uart_writer.c:77:27: error: 'huart2' undeclared (first use in this function)
   77 |     HAL_UART_Transmit_IT(&huart2, tx_buffer, (uint16_t)chunk_len);
      |                           ^~~~~~
../Core/Src/uart_writer.c:77:47: error: 'uint16_t' undeclared (first use in this function)
   77 |     HAL_UART_Transmit_IT(&huart2, tx_buffer, (uint16_t)chunk_len);
      |                                               ^~~~~~~~
../Core/Src/uart_writer.c:77:47: note: 'uint16_t' is defined in header '<stdint.h>'; did you forget to '#include <stdint.h>'?
../Core/Src/uart_writer.c:77:56: error: expected ')' before 'chunk_len'
   77 |     HAL_UART_Transmit_IT(&huart2, tx_buffer, (uint16_t)chunk_len);
      |                         ~                              ^~~~~~~~~
      |                                                        )
../Core/Src/uart_writer.c: At top level:
../Core/Src/uart_writer.c:80:30: error: unknown type name 'UART_HandleTypeDef'
   80 | void HAL_UART_TxCpltCallback(UART_HandleTypeDef* huart) {
      |                              ^~~~~~~~~~~~~~~~~~
make: *** [Core/Src/subdir.mk:43: Core/Src/uart_writer.o] Error 1
make: *** Waiting for unfinished jobs....
"make -j9 all" terminated with exit code 2. Build might be incomplete.
14:52:22 **** Incremental Build of configuration Debug for project Arduino_Car_STM32_SingleTask ****
make -j9 all 
arm-none-eabi-gcc "../Core/Src/uart_writer.c" -mcpu=cortex-m4 -std=gnu11 -g3 -DDEBUG -DUSE_NUCLEO_64 -DUSE_HAL_DRIVER -DSTM32G431xx -c -I../Core/Inc -I../Drivers/STM32G4xx_HAL_Driver/Inc -I../Drivers/STM32G4xx_HAL_Driver/Inc/Legacy -I../Drivers/BSP/STM32G4xx_Nucleo -I../Drivers/CMSIS/Device/ST/STM32G4xx/Include -I../Drivers/CMSIS/Include -O0 -ffunction-sections -fdata-sections -Wall -fstack-usage -fcyclomatic-complexity -MMD -MP -MF"Core/Src/uart_writer.d" -MT"Core/Src/uart_writer.o" --specs=nano.specs -mfpu=fpv4-sp-d16 -mfloat-abi=hard -mthumb -o "Core/Src/uart_writer.o"
../Core/Src/uart_writer.c:9:17: error: unknown type name 'uint8_t'
    9 | static volatile uint8_t queue_head = 0;
      |                 ^~~~~~~
../Core/Src/uart_writer.c:10:17: error: unknown type name 'uint8_t'
   10 | static volatile uint8_t queue_tail = 0;
      |                 ^~~~~~~
../Core/Src/uart_writer.c:11:17: error: unknown type name 'uint8_t'
   11 | static volatile uint8_t queue_count = 0;
      |                 ^~~~~~~
../Core/Src/uart_writer.c:13:8: error: unknown type name 'uint8_t'
   13 | static uint8_t tx_buffer[UART_TX_BUFFER_SIZE];
      |        ^~~~~~~
../Core/Src/uart_writer.c: In function 'uart_send_blocking':
../Core/Src/uart_writer.c:30:9: error: unknown type name 'uint16_t'
   30 |         uint16_t chunk_len = (remaining > UART_TX_BUFFER_SIZE) ? UART_TX_BUFFER_SIZE : (uint16_t)remaining;
      |         ^~~~~~~~
../Core/Src/uart_writer.c:7:1: note: 'uint16_t' is defined in header '<stdint.h>'; did you forget to '#include <stdint.h>'?
    6 | #include <stddef.h>
  +++ |+#include <stdint.h>
    7 | 
../Core/Src/uart_writer.c:30:89: error: 'uint16_t' undeclared (first use in this function)
   30 |         uint16_t chunk_len = (remaining > UART_TX_BUFFER_SIZE) ? UART_TX_BUFFER_SIZE : (uint16_t)remaining;
      |                                                                                         ^~~~~~~~
../Core/Src/uart_writer.c:30:89: note: 'uint16_t' is defined in header '<stdint.h>'; did you forget to '#include <stdint.h>'?
../Core/Src/uart_writer.c:30:89: note: each undeclared identifier is reported only once for each function it appears in
../Core/Src/uart_writer.c:30:98: error: expected ',' or ';' before 'remaining'
   30 |         uint16_t chunk_len = (remaining > UART_TX_BUFFER_SIZE) ? UART_TX_BUFFER_SIZE : (uint16_t)remaining;
      |                                                                                                  ^~~~~~~~~
../Core/Src/uart_writer.c:32:13: warning: implicit declaration of function 'HAL_UART_Transmit' [-Wimplicit-function-declaration]
   32 |         if (HAL_UART_Transmit(&huart2, (uint8_t*)&str[sent], chunk_len, UART_TX_TIMEOUT_MS) != HAL_OK)
      |             ^~~~~~~~~~~~~~~~~
../Core/Src/uart_writer.c:32:32: error: 'huart2' undeclared (first use in this function)
   32 |         if (HAL_UART_Transmit(&huart2, (uint8_t*)&str[sent], chunk_len, UART_TX_TIMEOUT_MS) != HAL_OK)
      |                                ^~~~~~
../Core/Src/uart_writer.c:32:41: error: 'uint8_t' undeclared (first use in this function)
   32 |         if (HAL_UART_Transmit(&huart2, (uint8_t*)&str[sent], chunk_len, UART_TX_TIMEOUT_MS) != HAL_OK)
      |                                         ^~~~~~~
../Core/Src/uart_writer.c:32:41: note: 'uint8_t' is defined in header '<stdint.h>'; did you forget to '#include <stdint.h>'?
../Core/Src/uart_writer.c:32:49: error: expected expression before ')' token
   32 |         if (HAL_UART_Transmit(&huart2, (uint8_t*)&str[sent], chunk_len, UART_TX_TIMEOUT_MS) != HAL_OK)
      |                                                 ^
../Core/Src/uart_writer.c:32:96: error: 'HAL_OK' undeclared (first use in this function)
   32 |         if (HAL_UART_Transmit(&huart2, (uint8_t*)&str[sent], chunk_len, UART_TX_TIMEOUT_MS) != HAL_OK)
      |                                                                                                ^~~~~~
../Core/Src/uart_writer.c: In function 'uart_send_async':
../Core/Src/uart_writer.c:48:5: warning: implicit declaration of function '__disable_irq' [-Wimplicit-function-declaration]
   48 |     __disable_irq();  // critical section
      |     ^~~~~~~~~~~~~
../Core/Src/uart_writer.c:51:19: error: 'uint8_t' undeclared (first use in this function)
   51 |     queue_tail = (uint8_t)(queue_tail + 1) % UART_QUEUE_DEPTH;
      |                   ^~~~~~~
../Core/Src/uart_writer.c:51:19: note: 'uint8_t' is defined in header '<stdint.h>'; did you forget to '#include <stdint.h>'?
../Core/Src/uart_writer.c:53:5: warning: implicit declaration of function '__enable_irq' [-Wimplicit-function-declaration]
   53 |     __enable_irq();
      |     ^~~~~~~~~~~~
../Core/Src/uart_writer.c: In function 'uart_start_next_message':
../Core/Src/uart_writer.c:71:19: error: 'uint8_t' undeclared (first use in this function)
   71 |     queue_head = (uint8_t)(queue_head + 1) % UART_QUEUE_DEPTH;
      |                   ^~~~~~~
../Core/Src/uart_writer.c:71:19: note: 'uint8_t' is defined in header '<stdint.h>'; did you forget to '#include <stdint.h>'?
../Core/Src/uart_writer.c:78:5: warning: implicit declaration of function 'HAL_UART_Transmit_IT' [-Wimplicit-function-declaration]
   78 |     HAL_UART_Transmit_IT(&huart2, tx_buffer, (uint16_t)chunk_len);
      |     ^~~~~~~~~~~~~~~~~~~~
../Core/Src/uart_writer.c:78:27: error: 'huart2' undeclared (first use in this function)
   78 |     HAL_UART_Transmit_IT(&huart2, tx_buffer, (uint16_t)chunk_len);
      |                           ^~~~~~
../Core/Src/uart_writer.c:78:47: error: 'uint16_t' undeclared (first use in this function)
   78 |     HAL_UART_Transmit_IT(&huart2, tx_buffer, (uint16_t)chunk_len);
      |                                               ^~~~~~~~
../Core/Src/uart_writer.c:78:47: note: 'uint16_t' is defined in header '<stdint.h>'; did you forget to '#include <stdint.h>'?
../Core/Src/uart_writer.c:78:56: error: expected ')' before 'chunk_len'
   78 |     HAL_UART_Transmit_IT(&huart2, tx_buffer, (uint16_t)chunk_len);
      |                         ~                              ^~~~~~~~~
      |                                                        )
../Core/Src/uart_writer.c: At top level:
../Core/Src/uart_writer.c:81:30: error: unknown type name 'UART_HandleTypeDef'
   81 | void HAL_UART_TxCpltCallback(UART_HandleTypeDef* huart) {
      |                              ^~~~~~~~~~~~~~~~~~
make: *** [Core/Src/subdir.mk:43: Core/Src/uart_writer.o] Error 1
"make -j9 all" terminated with exit code 2. Build might be incomplete.
14:54:09 **** Incremental Build of configuration Debug for project Arduino_Car_STM32_SingleTask ****
make -j9 all 
arm-none-eabi-gcc "../Core/Src/uart_writer.c" -mcpu=cortex-m4 -std=gnu11 -g3 -DDEBUG -DUSE_NUCLEO_64 -DUSE_HAL_DRIVER -DSTM32G431xx -c -I../Core/Inc -I../Drivers/STM32G4xx_HAL_Driver/Inc -I../Drivers/STM32G4xx_HAL_Driver/Inc/Legacy -I../Drivers/BSP/STM32G4xx_Nucleo -I../Drivers/CMSIS/Device/ST/STM32G4xx/Include -I../Drivers/CMSIS/Include -O0 -ffunction-sections -fdata-sections -Wall -fstack-usage -fcyclomatic-complexity -MMD -MP -MF"Core/Src/uart_writer.d" -MT"Core/Src/uart_writer.o" --specs=nano.specs -mfpu=fpv4-sp-d16 -mfloat-abi=hard -mthumb -o "Core/Src/uart_writer.o"
arm-none-eabi-gcc "../Core/Src/vt100.c" -mcpu=cortex-m4 -std=gnu11 -g3 -DDEBUG -DUSE_NUCLEO_64 -DUSE_HAL_DRIVER -DSTM32G431xx -c -I../Core/Inc -I../Drivers/STM32G4xx_HAL_Driver/Inc -I../Drivers/STM32G4xx_HAL_Driver/Inc/Legacy -I../Drivers/BSP/STM32G4xx_Nucleo -I../Drivers/CMSIS/Device/ST/STM32G4xx/Include -I../Drivers/CMSIS/Include -O0 -ffunction-sections -fdata-sections -Wall -fstack-usage -fcyclomatic-complexity -MMD -MP -MF"Core/Src/vt100.d" -MT"Core/Src/vt100.o" --specs=nano.specs -mfpu=fpv4-sp-d16 -mfloat-abi=hard -mthumb -o "Core/Src/vt100.o"
../Core/Src/uart_writer.c: In function 'uart_send_blocking':
../Core/Src/uart_writer.c:31:13: warning: implicit declaration of function 'HAL_UART_Transmit' [-Wimplicit-function-declaration]
   31 |         if (HAL_UART_Transmit(&huart2, (uint8_t*)&str[sent], chunk_len, UART_TX_TIMEOUT_MS) != HAL_OK)
      |             ^~~~~~~~~~~~~~~~~
../Core/Src/uart_writer.c:31:32: error: 'huart2' undeclared (first use in this function)
   31 |         if (HAL_UART_Transmit(&huart2, (uint8_t*)&str[sent], chunk_len, UART_TX_TIMEOUT_MS) != HAL_OK)
      |                                ^~~~~~
../Core/Src/uart_writer.c:31:32: note: each undeclared identifier is reported only once for each function it appears in
../Core/Src/uart_writer.c:31:96: error: 'HAL_OK' undeclared (first use in this function)
   31 |         if (HAL_UART_Transmit(&huart2, (uint8_t*)&str[sent], chunk_len, UART_TX_TIMEOUT_MS) != HAL_OK)
      |                                                                                                ^~~~~~
../Core/Src/uart_writer.c: In function 'uart_send_async':
../Core/Src/uart_writer.c:47:5: warning: implicit declaration of function '__disable_irq' [-Wimplicit-function-declaration]
   47 |     __disable_irq();  // critical section
      |     ^~~~~~~~~~~~~
../Core/Src/uart_writer.c:52:5: warning: implicit declaration of function '__enable_irq' [-Wimplicit-function-declaration]
   52 |     __enable_irq();
      |     ^~~~~~~~~~~~
../Core/Src/uart_writer.c: In function 'uart_start_next_message':
../Core/Src/uart_writer.c:77:5: warning: implicit declaration of function 'HAL_UART_Transmit_IT' [-Wimplicit-function-declaration]
   77 |     HAL_UART_Transmit_IT(&huart2, tx_buffer, (uint16_t)chunk_len);
      |     ^~~~~~~~~~~~~~~~~~~~
../Core/Src/uart_writer.c:77:27: error: 'huart2' undeclared (first use in this function)
   77 |     HAL_UART_Transmit_IT(&huart2, tx_buffer, (uint16_t)chunk_len);
      |                           ^~~~~~
../Core/Src/uart_writer.c: At top level:
../Core/Src/uart_writer.c:80:30: error: unknown type name 'UART_HandleTypeDef'
   80 | void HAL_UART_TxCpltCallback(UART_HandleTypeDef* huart) {
      |                              ^~~~~~~~~~~~~~~~~~
make: *** [Core/Src/subdir.mk:43: Core/Src/uart_writer.o] Error 1
make: *** Waiting for unfinished jobs....
"make -j9 all" terminated with exit code 2. Build might be incomplete.
14:55:29 **** Incremental Build of configuration Debug for project Arduino_Car_STM32_SingleTask ****
make -j9 all 
arm-none-eabi-gcc "../Core/Src/uart_writer.c" -mcpu=cortex-m4 -std=gnu11 -g3 -DDEBUG -DUSE_NUCLEO_64 -DUSE_HAL_DRIVER -DSTM32G431xx -c -I../Core/Inc -I../Drivers/STM32G4xx_HAL_Driver/Inc -I../Drivers/STM32G4xx_HAL_Driver/Inc/Legacy -I../Drivers/BSP/STM32G4xx_Nucleo -I../Drivers/CMSIS/Device/ST/STM32G4xx/Include -I../Drivers/CMSIS/Include -O0 -ffunction-sections -fdata-sections -Wall -fstack-usage -fcyclomatic-complexity -MMD -MP -MF"Core/Src/uart_writer.d" -MT"Core/Src/uart_writer.o" --specs=nano.specs -mfpu=fpv4-sp-d16 -mfloat-abi=hard -mthumb -o "Core/Src/uart_writer.o"
../Core/Src/uart_writer.c:6:10: fatal error: usart.h: No such file or directory
    6 | #include "usart.h"    // Declares huart2 and HAL UART functions
      |          ^~~~~~~~~
compilation terminated.
make: *** [Core/Src/subdir.mk:43: Core/Src/uart_writer.o] Error 1
"make -j9 all" terminated with exit code 2. Build might be incomplete.
14:57:11 **** Incremental Build of configuration Debug for project Arduino_Car_STM32_SingleTask ****
make -j9 all 
arm-none-eabi-gcc "../Core/Src/uart_writer.c" -mcpu=cortex-m4 -std=gnu11 -g3 -DDEBUG -DUSE_NUCLEO_64 -DUSE_HAL_DRIVER -DSTM32G431xx -c -I../Core/Inc -I../Drivers/STM32G4xx_HAL_Driver/Inc -I../Drivers/STM32G4xx_HAL_Driver/Inc/Legacy -I../Drivers/BSP/STM32G4xx_Nucleo -I../Drivers/CMSIS/Device/ST/STM32G4xx/Include -I../Drivers/CMSIS/Include -O0 -ffunction-sections -fdata-sections -Wall -fstack-usage -fcyclomatic-complexity -MMD -MP -MF"Core/Src/uart_writer.d" -MT"Core/Src/uart_writer.o" --specs=nano.specs -mfpu=fpv4-sp-d16 -mfloat-abi=hard -mthumb -o "Core/Src/uart_writer.o"
../Core/Src/uart_writer.c: In function 'uart_send_blocking':
../Core/Src/uart_writer.c:32:32: error: 'huart2' undeclared (first use in this function)
   32 |         if (HAL_UART_Transmit(&huart2, (uint8_t*)&str[sent], chunk_len, UART_TX_TIMEOUT_MS) != HAL_OK)
      |                                ^~~~~~
../Core/Src/uart_writer.c:32:32: note: each undeclared identifier is reported only once for each function it appears in
../Core/Src/uart_writer.c: In function 'uart_start_next_message':
../Core/Src/uart_writer.c:78:27: error: 'huart2' undeclared (first use in this function)
   78 |     HAL_UART_Transmit_IT(&huart2, tx_buffer, (uint16_t)chunk_len);
      |                           ^~~~~~
../Core/Src/uart_writer.c: In function 'HAL_UART_TxCpltCallback':
../Core/Src/uart_writer.c:82:19: error: 'huart2' undeclared (first use in this function); did you mean 'huart'?
   82 |     if (huart != &huart2 || !uart_tx_busy)
      |                   ^~~~~~
      |                   huart
make: *** [Core/Src/subdir.mk:43: Core/Src/uart_writer.o] Error 1
"make -j9 all" terminated with exit code 2. Build might be incomplete.
14:58:42 **** Incremental Build of configuration Debug for project Arduino_Car_STM32_SingleTask ****
make -j9 all 
arm-none-eabi-gcc "../Core/Src/uart_writer.c" -mcpu=cortex-m4 -std=gnu11 -g3 -DDEBUG -DUSE_NUCLEO_64 -DUSE_HAL_DRIVER -DSTM32G431xx -c -I../Core/Inc -I../Drivers/STM32G4xx_HAL_Driver/Inc -I../Drivers/STM32G4xx_HAL_Driver/Inc/Legacy -I../Drivers/BSP/STM32G4xx_Nucleo -I../Drivers/CMSIS/Device/ST/STM32G4xx/Include -I../Drivers/CMSIS/Include -O0 -ffunction-sections -fdata-sections -Wall -fstack-usage -fcyclomatic-complexity -MMD -MP -MF"Core/Src/uart_writer.d" -MT"Core/Src/uart_writer.o" --specs=nano.specs -mfpu=fpv4-sp-d16 -mfloat-abi=hard -mthumb -o "Core/Src/uart_writer.o"
../Core/Src/uart_writer.c: In function 'uart_send_blocking':
../Core/Src/uart_writer.c:33:32: error: 'huart2' undeclared (first use in this function)
   33 |         if (HAL_UART_Transmit(&huart2, (uint8_t*)&str[sent], chunk_len, UART_TX_TIMEOUT_MS) != HAL_OK)
      |                                ^~~~~~
../Core/Src/uart_writer.c:33:32: note: each undeclared identifier is reported only once for each function it appears in
../Core/Src/uart_writer.c: In function 'uart_start_next_message':
../Core/Src/uart_writer.c:79:27: error: 'huart2' undeclared (first use in this function)
   79 |     HAL_UART_Transmit_IT(&huart2, tx_buffer, (uint16_t)chunk_len);
      |                           ^~~~~~
../Core/Src/uart_writer.c: In function 'HAL_UART_TxCpltCallback':
../Core/Src/uart_writer.c:83:19: error: 'huart2' undeclared (first use in this function); did you mean 'huart'?
   83 |     if (huart != &huart2 || !uart_tx_busy)
      |                   ^~~~~~
      |                   huart
make: *** [Core/Src/subdir.mk:43: Core/Src/uart_writer.o] Error 1
"make -j9 all" terminated with exit code 2. Build might be incomplete.
14:58:51 **** Incremental Build of configuration Debug for project Arduino_Car_STM32_SingleTask ****
make -j9 all 
arm-none-eabi-gcc "../Core/Src/uart_writer.c" -mcpu=cortex-m4 -std=gnu11 -g3 -DDEBUG -DUSE_NUCLEO_64 -DUSE_HAL_DRIVER -DSTM32G431xx -c -I../Core/Inc -I../Drivers/STM32G4xx_HAL_Driver/Inc -I../Drivers/STM32G4xx_HAL_Driver/Inc/Legacy -I../Drivers/BSP/STM32G4xx_Nucleo -I../Drivers/CMSIS/Device/ST/STM32G4xx/Include -I../Drivers/CMSIS/Include -O0 -ffunction-sections -fdata-sections -Wall -fstack-usage -fcyclomatic-complexity -MMD -MP -MF"Core/Src/uart_writer.d" -MT"Core/Src/uart_writer.o" --specs=nano.specs -mfpu=fpv4-sp-d16 -mfloat-abi=hard -mthumb -o "Core/Src/uart_writer.o"
../Core/Src/uart_writer.c: In function 'uart_send_blocking':
../Core/Src/uart_writer.c:33:32: error: 'huart2' undeclared (first use in this function)
   33 |         if (HAL_UART_Transmit(&huart2, (uint8_t*)&str[sent], chunk_len, UART_TX_TIMEOUT_MS) != HAL_OK)
      |                                ^~~~~~
../Core/Src/uart_writer.c:33:32: note: each undeclared identifier is reported only once for each function it appears in
../Core/Src/uart_writer.c: In function 'uart_start_next_message':
../Core/Src/uart_writer.c:79:27: error: 'huart2' undeclared (first use in this function)
   79 |     HAL_UART_Transmit_IT(&huart2, tx_buffer, (uint16_t)chunk_len);
      |                           ^~~~~~
../Core/Src/uart_writer.c: In function 'HAL_UART_TxCpltCallback':
../Core/Src/uart_writer.c:83:19: error: 'huart2' undeclared (first use in this function); did you mean 'huart'?
   83 |     if (huart != &huart2 || !uart_tx_busy)
      |                   ^~~~~~
      |                   huart
make: *** [Core/Src/subdir.mk:43: Core/Src/uart_writer.o] Error 1
"make -j9 all" terminated with exit code 2. Build might be incomplete.
14:59:11 **** Incremental Build of configuration Debug for project Arduino_Car_STM32_SingleTask ****
make -j9 all 
arm-none-eabi-gcc "../Core/Src/uart_writer.c" -mcpu=cortex-m4 -std=gnu11 -g3 -DDEBUG -DUSE_NUCLEO_64 -DUSE_HAL_DRIVER -DSTM32G431xx -c -I../Core/Inc -I../Drivers/STM32G4xx_HAL_Driver/Inc -I../Drivers/STM32G4xx_HAL_Driver/Inc/Legacy -I../Drivers/BSP/STM32G4xx_Nucleo -I../Drivers/CMSIS/Device/ST/STM32G4xx/Include -I../Drivers/CMSIS/Include -O0 -ffunction-sections -fdata-sections -Wall -fstack-usage -fcyclomatic-complexity -MMD -MP -MF"Core/Src/uart_writer.d" -MT"Core/Src/uart_writer.o" --specs=nano.specs -mfpu=fpv4-sp-d16 -mfloat-abi=hard -mthumb -o "Core/Src/uart_writer.o"
arm-none-eabi-gcc -o "Arduino_Car_STM32_SingleTask.elf" @"objects.list"   -mcpu=cortex-m4 -T"/Users/osamahshamsan/STM32CubeIDE/workspace_1.18.1/Arduino_Car_STM32_SingleTask/STM32G431RBTX_FLASH.ld" --specs=nosys.specs -Wl,-Map="Arduino_Car_STM32_SingleTask.map" -Wl,--gc-sections -static --specs=nano.specs -mfpu=fpv4-sp-d16 -mfloat-abi=hard -mthumb -Wl,--start-group -lc -lm -Wl,--end-group
/Applications/STM32CubeIDE.app/Contents/Eclipse/plugins/com.st.stm32cube.ide.mcu.externaltools.gnu-tools-for-stm32.13.3.rel1.macos64_1.0.0.202411102158/tools/bin/../lib/gcc/arm-none-eabi/13.3.1/../../../../arm-none-eabi/bin/ld: ./Core/Src/main.o: in function `MX_USART2_UART_Init':
/Users/osamahshamsan/STM32CubeIDE/workspace_1.18.1/Arduino_Car_STM32_SingleTask/Debug/../Core/Src/main.c:209:(.text.MX_USART2_UART_Init+0x90): undefined reference to `huart2'
/Applications/STM32CubeIDE.app/Contents/Eclipse/plugins/com.st.stm32cube.ide.mcu.externaltools.gnu-tools-for-stm32.13.3.rel1.macos64_1.0.0.202411102158/tools/bin/../lib/gcc/arm-none-eabi/13.3.1/../../../../arm-none-eabi/bin/ld: ./Core/Src/stm32g4xx_it.o: in function `USART2_IRQHandler':
/Users/osamahshamsan/STM32CubeIDE/workspace_1.18.1/Arduino_Car_STM32_SingleTask/Debug/../Core/Src/stm32g4xx_it.c:213:(.text.USART2_IRQHandler+0x10): undefined reference to `huart2'
collect2: error: ld returned 1 exit status
make: *** [makefile:65: Arduino_Car_STM32_SingleTask.elf] Error 1
"make -j9 all" terminated with exit code 2. Build might be incomplete.
14:59:28 **** Clean-only build of configuration Debug for project Arduino_Car_STM32_SingleTask ****
make -j9 clean 
[...]
arm-none-eabi-gcc "../Core/Src/menu.c" -mcpu=cortex-m4 -std=gnu11 -g3 -DDEBUG -DUSE_NUCLEO_64 -DUSE_HAL_DRIVER -DSTM32G431xx -c -I../Core/Inc -I../Drivers/STM32G4xx_HAL_Driver/Inc -I../Drivers/STM32G4xx_HAL_Driver/Inc/Legacy -I../Drivers/BSP/STM32G4xx_Nucleo -I../Drivers/CMSIS/Device/ST/STM32G4xx/Include -I../Drivers/CMSIS/Include -O0 -ffunction-sections -fdata-sections -Wall -fstack-usage -fcyclomatic-complexity -MMD -MP -MF"Core/Src/menu.d" -MT"Core/Src/menu.o" --specs=nano.specs -mfpu=fpv4-sp-d16 -mfloat-abi=hard -mthumb -o "Core/Src/menu.o"
arm-none-eabi-gcc "../Core/Src/uart_writer.c" -mcpu=cortex-m4 -std=gnu11 -g3 -DDEBUG -DUSE_NUCLEO_64 -DUSE_HAL_DRIVER -DSTM32G431xx -c -I../Core/Inc -I../Drivers/STM32G4xx_HAL_Driver/Inc -I../Drivers/STM32G4xx_HAL_Driver/Inc/Legacy -I../Drivers/BSP/STM32G4xx_Nucleo -I../Drivers/CMSIS/Device/ST/STM32G4xx/Include -I../Drivers/CMSIS/Include -O0 -ffunction-sections -fdata-sections -Wall -fstack-usage -fcyclomatic-complexity -MMD -MP -MF"Core/Src/uart_writer.d" -MT"Core/Src/uart_writer.o" --specs=nano.specs -mfpu=fpv4-sp-d16 -mfloat-abi=hard -mthumb -o "Core/Src/uart_writer.o"
arm-none-eabi-gcc "../Core/Src/vt100.c" -mcpu=cortex-m4 -std=gnu11 -g3 -DDEBUG -DUSE_NUCLEO_64 -DUSE_HAL_DRIVER -DSTM32G431xx -c -I../Core/Inc -I../Drivers/STM32G4xx_HAL_Driver/Inc -I../Drivers/STM32G4xx_HAL_Driver/Inc/Legacy -I../Drivers/BSP/STM32G4xx_Nucleo -I../Drivers/CMSIS/Device/ST/STM32G4xx/Include -I../Drivers/CMSIS/Include -O0 -ffunction-sections -fdata-sections -Wall -fstack-usage -fcyclomatic-complexity -MMD -MP -MF"Core/Src/vt100.d" -MT"Core/Src/vt100.o" --specs=nano.specs -mfpu=fpv4-sp-d16 -mfloat-abi=hard -mthumb -o "Core/Src/vt100.o"
../Core/Src/menu.c: In function 'Menu_ExecuteSelected':
../Core/Src/menu.c:70:5: warning: implicit declaration of function 'vt100_reset_color'; did you mean 'vt100_set_color'? [-Wimplicit-function-declaration]
   70 |     vt100_reset_color();
      |     ^~~~~~~~~~~~~~~~~
      |     vt100_set_color
../Core/Src/vt100.c: In function 'vt100_write_number':
../Core/Src/vt100.c:43:38: error: 'VT100_FORMAT_NUMBER' undeclared (first use in this function); did you mean 'VT100_FORMAT_BUFFER_SIZE'?
   43 |     snprintf(format, sizeof(format), VT100_FORMAT_NUMBER, fill, width);
      |                                      ^~~~~~~~~~~~~~~~~~~
      |                                      VT100_FORMAT_BUFFER_SIZE
../Core/Src/vt100.c:43:38: note: each undeclared identifier is reported only once for each function it appears in
../Core/Src/vt100.c: In function 'vt100_goto':
../Core/Src/vt100.c:52:32: error: 'VT100_ESC_CURSOR_POSITION' undeclared (first use in this function)
   52 |     snprintf(cmd, sizeof(cmd), VT100_ESC_CURSOR_POSITION, row, col);
      |                                ^~~~~~~~~~~~~~~~~~~~~~~~~
../Core/Src/vt100.c: In function 'vt100_clear_screen':
../Core/Src/vt100.c:61:16: error: 'VT100_ESC_CLEAR_SCREEN' undeclared (first use in this function)
   61 |     vt100_send(VT100_ESC_CLEAR_SCREEN);
      |                ^~~~~~~~~~~~~~~~~~~~~~
../Core/Src/vt100.c:62:16: error: 'VT100_ESC_CURSOR_HOME' undeclared (first use in this function)
   62 |     vt100_send(VT100_ESC_CURSOR_HOME);
      |                ^~~~~~~~~~~~~~~~~~~~~
../Core/Src/vt100.c: In function 'vt100_clear_line':
../Core/Src/vt100.c:66:16: error: 'VT100_ESC_CLEAR_LINE' undeclared (first use in this function)
   66 |     vt100_send(VT100_ESC_CLEAR_LINE);
      |                ^~~~~~~~~~~~~~~~~~~~
../Core/Src/vt100.c: In function 'vt100_cursor_hide':
../Core/Src/vt100.c:70:16: error: 'VT100_CURSOR_HIDE' undeclared (first use in this function)
   70 |     vt100_send(VT100_CURSOR_HIDE);
      |                ^~~~~~~~~~~~~~~~~
../Core/Src/vt100.c: In function 'vt100_cursor_show':
../Core/Src/vt100.c:74:16: error: 'VT100_CURSOR_SHOW' undeclared (first use in this function)
   74 |     vt100_send(VT100_CURSOR_SHOW);
      |                ^~~~~~~~~~~~~~~~~
../Core/Src/vt100.c: In function 'vt100_reset_attributes':
../Core/Src/vt100.c:82:16: error: 'VT100_RESET_ATTRIBUTES' undeclared (first use in this function)
   82 |     vt100_send(VT100_RESET_ATTRIBUTES);
      |                ^~~~~~~~~~~~~~~~~~~~~~
make: *** [Core/Src/subdir.mk:55: Core/Src/vt100.o] Error 1
"make -j9 all" terminated with exit code 2. Build might be incomplete.
11:08:51 **** Incremental Build of configuration Debug for project Arduino_Car_STM32_SingleTask ****
make -j9 all 
arm-none-eabi-gcc "../Core/Src/vt100.c" -mcpu=cortex-m4 -std=gnu11 -g3 -DDEBUG -DUSE_NUCLEO_64 -DUSE_HAL_DRIVER -DSTM32G431xx -c -I../Core/Inc -I../Drivers/STM32G4xx_HAL_Driver/Inc -I../Drivers/STM32G4xx_HAL_Driver/Inc/Legacy -I../Drivers/BSP/STM32G4xx_Nucleo -I../Drivers/CMSIS/Device/ST/STM32G4xx/Include -I../Drivers/CMSIS/Include -O0 -ffunction-sections -fdata-sections -Wall -fstack-usage -fcyclomatic-complexity -MMD -MP -MF"Core/Src/vt100.d" -MT"Core/Src/vt100.o" --specs=nano.specs -mfpu=fpv4-sp-d16 -mfloat-abi=hard -mthumb -o "Core/Src/vt100.o"
../Core/Src/vt100.c: In function 'vt100_write_number':
../Core/Src/vt100.c:44:38: error: 'VT100_FORMAT_NUMBER' undeclared (first use in this function); did you mean 'VT100_FORMAT_BUFFER_SIZE'?
   44 |     snprintf(format, sizeof(format), VT100_FORMAT_NUMBER, fill, width);
      |                                      ^~~~~~~~~~~~~~~~~~~
      |                                      VT100_FORMAT_BUFFER_SIZE
../Core/Src/vt100.c:44:38: note: each undeclared identifier is reported only once for each function it appears in
../Core/Src/vt100.c: In function 'vt100_goto':
../Core/Src/vt100.c:53:32: error: 'VT100_ESC_CURSOR_POSITION' undeclared (first use in this function); did you mean 'VT100_CURSOR_POSITION'?
   53 |     snprintf(cmd, sizeof(cmd), VT100_ESC_CURSOR_POSITION, row, col);
      |                                ^~~~~~~~~~~~~~~~~~~~~~~~~
      |                                VT100_CURSOR_POSITION
../Core/Src/vt100.c: In function 'vt100_clear_screen':
../Core/Src/vt100.c:62:16: error: 'VT100_ESC_CLEAR_SCREEN' undeclared (first use in this function); did you mean 'VT100_CLEAR_SCREEN'?
   62 |     vt100_send(VT100_ESC_CLEAR_SCREEN);
      |                ^~~~~~~~~~~~~~~~~~~~~~
      |                VT100_CLEAR_SCREEN
../Core/Src/vt100.c:63:16: error: 'VT100_ESC_CURSOR_HOME' undeclared (first use in this function); did you mean 'VT100_CURSOR_HOME'?
   63 |     vt100_send(VT100_ESC_CURSOR_HOME);
      |                ^~~~~~~~~~~~~~~~~~~~~
      |                VT100_CURSOR_HOME
../Core/Src/vt100.c: In function 'vt100_clear_line':
../Core/Src/vt100.c:67:16: error: 'VT100_ESC_CLEAR_LINE' undeclared (first use in this function); did you mean 'VT100_CLEAR_LINE'?
   67 |     vt100_send(VT100_ESC_CLEAR_LINE);
      |                ^~~~~~~~~~~~~~~~~~~~
      |                VT100_CLEAR_LINE
make: *** [Core/Src/subdir.mk:55: Core/Src/vt100.o] Error 1
"make -j9 all" terminated with exit code 2. Build might be incomplete.
11:09:18 **** Incremental Build of configuration Debug for project Arduino_Car_STM32_SingleTask ****
make -j9 all 
arm-none-eabi-gcc "../Core/Src/vt100.c" -mcpu=cortex-m4 -std=gnu11 -g3 -DDEBUG -DUSE_NUCLEO_64 -DUSE_HAL_DRIVER -DSTM32G431xx -c -I../Core/Inc -I../Drivers/STM32G4xx_HAL_Driver/Inc -I../Drivers/STM32G4xx_HAL_Driver/Inc/Legacy -I../Drivers/BSP/STM32G4xx_Nucleo -I../Drivers/CMSIS/Device/ST/STM32G4xx/Include -I../Drivers/CMSIS/Include -O0 -ffunction-sections -fdata-sections -Wall -fstack-usage -fcyclomatic-complexity -MMD -MP -MF"Core/Src/vt100.d" -MT"Core/Src/vt100.o" --specs=nano.specs -mfpu=fpv4-sp-d16 -mfloat-abi=hard -mthumb -o "Core/Src/vt100.o"
../Core/Src/vt100.c: In function 'vt100_write_number':
../Core/Src/vt100.c:44:38: error: 'VT100_FORMAT_NUMBER' undeclared (first use in this function); did you mean 'VT100_FORMAT_BUFFER_SIZE'?
   44 |     snprintf(format, sizeof(format), VT100_FORMAT_NUMBER, fill, width);
      |                                      ^~~~~~~~~~~~~~~~~~~
      |                                      VT100_FORMAT_BUFFER_SIZE
../Core/Src/vt100.c:44:38: note: each undeclared identifier is reported only once for each function it appears in
../Core/Src/vt100.c: In function 'vt100_goto':
../Core/Src/vt100.c:53:32: error: 'VT100_CURSOR_POSITION' undeclared (first use in this function)
   53 |     snprintf(cmd, sizeof(cmd), VT100_CURSOR_POSITION, row, col);
      |                                ^~~~~~~~~~~~~~~~~~~~~
make: *** [Core/Src/subdir.mk:55: Core/Src/vt100.o] Error 1
"make -j9 all" terminated with exit code 2. Build might be incomplete.
11:13:57 **** Incremental Build of configuration Debug for project Arduino_Car_STM32_SingleTask ****
make -j9 all 
arm-none-eabi-gcc "../Core/Src/main.c" -mcpu=cortex-m4 -std=gnu11 -g3 -DDEBUG -DUSE_NUCLEO_64 -DUSE_HAL_DRIVER -DSTM32G431xx -c -I../Core/Inc -I../Drivers/STM32G4xx_HAL_Driver/Inc -I../Drivers/STM32G4xx_HAL_Driver/Inc/Legacy -I../Drivers/BSP/STM32G4xx_Nucleo -I../Drivers/CMSIS/Device/ST/STM32G4xx/Include -I../Drivers/CMSIS/Include -O0 -ffunction-sections -fdata-sections -Wall -fstack-usage -fcyclomatic-complexity -MMD -MP -MF"Core/Src/main.d" -MT"Core/Src/main.o" --specs=nano.specs -mfpu=fpv4-sp-d16 -mfloat-abi=hard -mthumb -o "Core/Src/main.o"
arm-none-eabi-gcc "../Core/Src/menu.c" -mcpu=cortex-m4 -std=gnu11 -g3 -DDEBUG -DUSE_NUCLEO_64 -DUSE_HAL_DRIVER -DSTM32G431xx -c -I../Core/Inc -I../Drivers/STM32G4xx_HAL_Driver/Inc -I../Drivers/STM32G4xx_HAL_Driver/Inc/Legacy -I../Drivers/BSP/STM32G4xx_Nucleo -I../Drivers/CMSIS/Device/ST/STM32G4xx/Include -I../Drivers/CMSIS/Include -O0 -ffunction-sections -fdata-sections -Wall -fstack-usage -fcyclomatic-complexity -MMD -MP -MF"Core/Src/menu.d" -MT"Core/Src/menu.o" --specs=nano.specs -mfpu=fpv4-sp-d16 -mfloat-abi=hard -mthumb -o "Core/Src/menu.o"
arm-none-eabi-gcc "../Core/Src/uart_writer.c" -mcpu=cortex-m4 -std=gnu11 -g3 -DDEBUG -DUSE_NUCLEO_64 -DUSE_HAL_DRIVER -DSTM32G431xx -c -I../Core/Inc -I../Drivers/STM32G4xx_HAL_Driver/Inc -I../Drivers/STM32G4xx_HAL_Driver/Inc/Legacy -I../Drivers/BSP/STM32G4xx_Nucleo -I../Drivers/CMSIS/Device/ST/STM32G4xx/Include -I../Drivers/CMSIS/Include -O0 -ffunction-sections -fdata-sections -Wall -fstack-usage -fcyclomatic-complexity -MMD -MP -MF"Core/Src/uart_writer.d" -MT"Core/Src/uart_writer.o" --specs=nano.specs -mfpu=fpv4-sp-d16 -mfloat-abi=hard -mthumb -o "Core/Src/uart_writer.o"
arm-none-eabi-gcc "../Core/Src/vt100.c" -mcpu=cortex-m4 -std=gnu11 -g3 -DDEBUG -DUSE_NUCLEO_64 -DUSE_HAL_DRIVER -DSTM32G431xx -c -I../Core/Inc -I../Drivers/STM32G4xx_HAL_Driver/Inc -I../Drivers/STM32G4xx_HAL_Driver/Inc/Legacy -I../Drivers/BSP/STM32G4xx_Nucleo -I../Drivers/CMSIS/Device/ST/STM32G4xx/Include -I../Drivers/CMSIS/Include -O0 -ffunction-sections -fdata-sections -Wall -fstack-usage -fcyclomatic-complexity -MMD -MP -MF"Core/Src/vt100.d" -MT"Core/Src/vt100.o" --specs=nano.specs -mfpu=fpv4-sp-d16 -mfloat-abi=hard -mthumb -o "Core/Src/vt100.o"
In file included from ../Core/Src/vt100.c:2:
../Core/Inc/vt100_esc.h:37: warning: "VT100_CURSOR_POSITION" redefined
   37 | #define VT100_CURSOR_POSITION(row, col) ESC "[" #row ";" #col "H"
      | 
In file included from ../Core/Src/vt100.c:1:
../Core/Inc/vt100.h:10: note: this is the location of the previous definition
   10 | #define VT100_CURSOR_POSITION    "\033[%d;%dH"
      | 
../Core/Src/menu.c: In function 'Menu_ExecuteSelected':
../Core/Src/menu.c:70:5: warning: implicit declaration of function 'vt100_reset_color'; did you mean 'vt100_set_color'? [-Wimplicit-function-declaration]
   70 |     vt100_reset_color();
      |     ^~~~~~~~~~~~~~~~~
      |     vt100_set_color
../Core/Src/vt100.c: In function 'vt100_goto':
../Core/Src/vt100.c:53:32: error: 'VT100_CURSOR_POSITION' undeclared (first use in this function)
   53 |     snprintf(cmd, sizeof(cmd), VT100_CURSOR_POSITION, row, col);
      |                                ^~~~~~~~~~~~~~~~~~~~~
../Core/Src/vt100.c:53:32: note: each undeclared identifier is reported only once for each function it appears in
make: *** [Core/Src/subdir.mk:55: Core/Src/vt100.o] Error 1
make: *** Waiting for unfinished jobs....
"make -j9 all" terminated with exit code 2. Build might be incomplete.
11:14:41 **** Incremental Build of configuration Debug for project Arduino_Car_STM32_SingleTask ****
make -j9 all 
arm-none-eabi-gcc "../Core/Src/main.c" -mcpu=cortex-m4 -std=gnu11 -g3 -DDEBUG -DUSE_NUCLEO_64 -DUSE_HAL_DRIVER -DSTM32G431xx -c -I../Core/Inc -I../Drivers/STM32G4xx_HAL_Driver/Inc -I../Drivers/STM32G4xx_HAL_Driver/Inc/Legacy -I../Drivers/BSP/STM32G4xx_Nucleo -I../Drivers/CMSIS/Device/ST/STM32G4xx/Include -I../Drivers/CMSIS/Include -O0 -ffunction-sections -fdata-sections -Wall -fstack-usage -fcyclomatic-complexity -MMD -MP -MF"Core/Src/main.d" -MT"Core/Src/main.o" --specs=nano.specs -mfpu=fpv4-sp-d16 -mfloat-abi=hard -mthumb -o "Core/Src/main.o"
arm-none-eabi-gcc "../Core/Src/menu.c" -mcpu=cortex-m4 -std=gnu11 -g3 -DDEBUG -DUSE_NUCLEO_64 -DUSE_HAL_DRIVER -DSTM32G431xx -c -I../Core/Inc -I../Drivers/STM32G4xx_HAL_Driver/Inc -I../Drivers/STM32G4xx_HAL_Driver/Inc/Legacy -I../Drivers/BSP/STM32G4xx_Nucleo -I../Drivers/CMSIS/Device/ST/STM32G4xx/Include -I../Drivers/CMSIS/Include -O0 -ffunction-sections -fdata-sections -Wall -fstack-usage -fcyclomatic-complexity -MMD -MP -MF"Core/Src/menu.d" -MT"Core/Src/menu.o" --specs=nano.specs -mfpu=fpv4-sp-d16 -mfloat-abi=hard -mthumb -o "Core/Src/menu.o"
arm-none-eabi-gcc "../Core/Src/uart_writer.c" -mcpu=cortex-m4 -std=gnu11 -g3 -DDEBUG -DUSE_NUCLEO_64 -DUSE_HAL_DRIVER -DSTM32G431xx -c -I../Core/Inc -I../Drivers/STM32G4xx_HAL_Driver/Inc -I../Drivers/STM32G4xx_HAL_Driver/Inc/Legacy -I../Drivers/BSP/STM32G4xx_Nucleo -I../Drivers/CMSIS/Device/ST/STM32G4xx/Include -I../Drivers/CMSIS/Include -O0 -ffunction-sections -fdata-sections -Wall -fstack-usage -fcyclomatic-complexity -MMD -MP -MF"Core/Src/uart_writer.d" -MT"Core/Src/uart_writer.o" --specs=nano.specs -mfpu=fpv4-sp-d16 -mfloat-abi=hard -mthumb -o "Core/Src/uart_writer.o"
arm-none-eabi-gcc "../Core/Src/vt100.c" -mcpu=cortex-m4 -std=gnu11 -g3 -DDEBUG -DUSE_NUCLEO_64 -DUSE_HAL_DRIVER -DSTM32G431xx -c -I../Core/Inc -I../Drivers/STM32G4xx_HAL_Driver/Inc -I../Drivers/STM32G4xx_HAL_Driver/Inc/Legacy -I../Drivers/BSP/STM32G4xx_Nucleo -I../Drivers/CMSIS/Device/ST/STM32G4xx/Include -I../Drivers/CMSIS/Include -O0 -ffunction-sections -fdata-sections -Wall -fstack-usage -fcyclomatic-complexity -MMD -MP -MF"Core/Src/vt100.d" -MT"Core/Src/vt100.o" --specs=nano.specs -mfpu=fpv4-sp-d16 -mfloat-abi=hard -mthumb -o "Core/Src/vt100.o"
../Core/Src/menu.c: In function 'Menu_ExecuteSelected':
../Core/Src/menu.c:70:5: warning: implicit declaration of function 'vt100_reset_color'; did you mean 'vt100_set_color'? [-Wimplicit-function-declaration]
   70 |     vt100_reset_color();
      |     ^~~~~~~~~~~~~~~~~
      |     vt100_set_color
../Core/Src/vt100.c:8: warning: "VT100_CURSOR_POSITION" redefined
    8 | #define VT100_CURSOR_POSITION    "\033[%d;%dH"
      | 
In file included from ../Core/Src/vt100.c:2:
../Core/Inc/vt100_esc.h:37: note: this is the location of the previous definition
   37 | #define VT100_CURSOR_POSITION(row, col) ESC "[" #row ";" #col "H"
      | 
arm-none-eabi-gcc -o "Arduino_Car_STM32_SingleTask.elf" @"objects.list"   -mcpu=cortex-m4 -T"/Users/osamahshamsan/STM32CubeIDE/workspace_1.18.1/Arduino_Car_STM32_SingleTask/STM32G431RBTX_FLASH.ld" --specs=nosys.specs -Wl,-Map="Arduino_Car_STM32_SingleTask.map" -Wl,--gc-sections -static --specs=nano.specs -mfpu=fpv4-sp-d16 -mfloat-abi=hard -mthumb -Wl,--start-group -lc -lm -Wl,--end-group
/Applications/STM32CubeIDE.app/Contents/Eclipse/plugins/com.st.stm32cube.ide.mcu.externaltools.gnu-tools-for-stm32.13.3.rel1.macos64_1.0.0.202411102158/tools/bin/../lib/gcc/arm-none-eabi/13.3.1/../../../../arm-none-eabi/bin/ld: ./Core/Src/menu.o: in function `Menu_ExecuteSelected':
/Users/osamahshamsan/STM32CubeIDE/workspace_1.18.1/Arduino_Car_STM32_SingleTask/Debug/../Core/Src/menu.c:70:(.text.Menu_ExecuteSelected+0x22): undefined reference to `vt100_reset_color'
collect2: error: ld returned 1 exit status
make: *** [makefile:65: Arduino_Car_STM32_SingleTask.elf] Error 1
"make -j9 all" terminated with exit code 2. Build might be incomplete.
11:18:46 **** Incremental Build of configuration Debug for project Arduino_Car_STM32_SingleTask ****
make -j9 all 
arm-none-eabi-gcc "../Core/Src/vt100.c" -mcpu=cortex-m4 -std=gnu11 -g3 -DDEBUG -DUSE_NUCLEO_64 -DUSE_HAL_DRIVER -DSTM32G431xx -c -I../Core/Inc -I../Drivers/STM32G4xx_HAL_Driver/Inc -I../Drivers/STM32G4xx_HAL_Driver/Inc/Legacy -I../Drivers/BSP/STM32G4xx_Nucleo -I../Drivers/CMSIS/Device/ST/STM32G4xx/Include -I../Drivers/CMSIS/Include -O0 -ffunction-sections -fdata-sections -Wall -fstack-usage -fcyclomatic-complexity -MMD -MP -MF"Core/Src/vt100.d" -MT"Core/Src/vt100.o" --specs=nano.specs -mfpu=fpv4-sp-d16 -mfloat-abi=hard -mthumb -o "Core/Src/vt100.o"
arm-none-eabi-gcc -o "Arduino_Car_STM32_SingleTask.elf" @"objects.list"   -mcpu=cortex-m4 -T"/Users/osamahshamsan/STM32CubeIDE/workspace_1.18.1/Arduino_Car_STM32_SingleTask/STM32G431RBTX_FLASH.ld" --specs=nosys.specs -Wl,-Map="Arduino_Car_STM32_SingleTask.map" -Wl,--gc-sections -static --specs=nano.specs -mfpu=fpv4-sp-d16 -mfloat-abi=hard -mthumb -Wl,--start-group -lc -lm -Wl,--end-group
/Applications/STM32CubeIDE.app/Contents/Eclipse/plugins/com.st.stm32cube.ide.mcu.externaltools.gnu-tools-for-stm32.13.3.rel1.macos64_1.0.0.202411102158/tools/bin/../lib/gcc/arm-none-eabi/13.3.1/../../../../arm-none-eabi/bin/ld: ./Core/Src/menu.o: in function `Menu_ExecuteSelected':
/Users/osamahshamsan/STM32CubeIDE/workspace_1.18.1/Arduino_Car_STM32_SingleTask/Debug/../Core/Src/menu.c:70:(.text.Menu_ExecuteSelected+0x22): undefined reference to `vt100_reset_color'
collect2: error: ld returned 1 exit status
make: *** [makefile:65: Arduino_Car_STM32_SingleTask.elf] Error 1
"make -j9 all" terminated with exit code 2. Build might be incomplete.
11:19:38 **** Incremental Build of configuration Debug for project Arduino_Car_STM32_SingleTask ****
make -j9 all 
arm-none-eabi-gcc "../Core/Src/menu.c" -mcpu=cortex-m4 -std=gnu11 -g3 -DDEBUG -DUSE_NUCLEO_64 -DUSE_HAL_DRIVER -DSTM32G431xx -c -I../Core/Inc -I../Drivers/STM32G4xx_HAL_Driver/Inc -I../Drivers/STM32G4xx_HAL_Driver/Inc/Legacy -I../Drivers/BSP/STM32G4xx_Nucleo -I../Drivers/CMSIS/Device/ST/STM32G4xx/Include -I../Drivers/CMSIS/Include -O0 -ffunction-sections -fdata-sections -Wall -fstack-usage -fcyclomatic-complexity -MMD -MP -MF"Core/Src/menu.d" -MT"Core/Src/menu.o" --specs=nano.specs -mfpu=fpv4-sp-d16 -mfloat-abi=hard -mthumb -o "Core/Src/menu.o"
arm-none-eabi-gcc -o "Arduino_Car_STM32_SingleTask.elf" @"objects.list"   -mcpu=cortex-m4 -T"/Users/osamahshamsan/STM32CubeIDE/workspace_1.18.1/Arduino_Car_STM32_SingleTask/STM32G431RBTX_FLASH.ld" --specs=nosys.specs -Wl,-Map="Arduino_Car_STM32_SingleTask.map" -Wl,--gc-sections -static --specs=nano.specs -mfpu=fpv4-sp-d16 -mfloat-abi=hard -mthumb -Wl,--start-group -lc -lm -Wl,--end-group
Finished building target: Arduino_Car_STM32_SingleTask.elf
 
arm-none-eabi-size  Arduino_Car_STM32_SingleTask.elf 
arm-none-eabi-objdump -h -S Arduino_Car_STM32_SingleTask.elf  > "Arduino_Car_STM32_SingleTask.list"
   text	   data	    bss	    dec	    hex	filename
  21208	    128	   3032	  24368	   5f30	Arduino_Car_STM32_SingleTask.elf
Finished building: default.size.stdout
 
Finished building: Arduino_Car_STM32_SingleTask.list
 
11:19:42 **** Incremental Build of configuration Debug for project Arduino_Car_STM32_SingleTask ****
make -j9 all 
arm-none-eabi-size  Arduino_Car_STM32_SingleTask.elf 
   text	   data	    bss	    dec	    hex	filename
  21208	    128	   3032	  24368	   5f30	Arduino_Car_STM32_SingleTask.elf
Finished building: default.size.stdout
 
